ERROR 2026-08-22 17:35:17,934 validator 26976 24808 PyX12 parsing exception: ISA line is only 44 characters
WARNING 2026-08-22 17:35:19,450 services 26976 24808 upload_mir_to_sftp: No SFTPConfig found in database.
ERROR 2026-08-22 17:35:22,468 services 26976 24808 EDI 835 processing failed for file '8bbfac16-3e26-4bd9-bc5f-73e7a9c4e9fa_BAD_FILE_123.x12': No CLP claims were found in the uploaded 835 file.
Traceback (most recent call last):
  File "C:\Users\Sahil1234\Desktop\835_To_Mir_final\Project835\backend\edi835\services.py", line 251, in process_edi835_file_content
    res = parse_835_to_mir(edi_text, filename=stored_filename, client=client)
  File "C:\Users\Sahil1234\Desktop\835_To_Mir_final\Project835\backend\converter\services\parser.py", line 376, in parse_835_to_mir
    mir_text, summary = convert_835_to_mir(text, client=client)
                        ~~~~~~~~~~~~~~~~~~^^^^^^^^^^^^^^^^^^^^^
  File "C:\Users\Sahil1234\Desktop\835_To_Mir_final\Project835\backend\admin_panel\mir_mapper_logic\converter.py", line 9, in convert_835_to_mir
    raise ValueError("No CLP claims were found in the uploaded 835 file.")
ValueError: No CLP claims were found in the uploaded 835 file.
WARNING 2026-08-22 17:35:22,482 services 26976 24808 upload_mir_to_sftp: No SFTPConfig found in database.
WARNING 2026-08-22 17:35:22,496 services 26976 24808 upload_mir_to_sftp: No SFTPConfig found in database.
ERROR 2026-08-22 17:40:13,258 validator 20292 17276 PyX12 parsing exception: ISA line is only 44 characters
WARNING 2026-08-22 17:40:14,827 services 20292 17276 upload_mir_to_sftp: No SFTPConfig found in database.
ERROR 2026-08-22 17:40:17,567 services 20292 17276 EDI 835 processing failed for file '4934b0d3-ea34-4afc-90b0-9f700fab62b7_BAD_FILE_123.x12': No CLP claims were found in the uploaded 835 file.
Traceback (most recent call last):
  File "C:\Users\Sahil1234\Desktop\835_To_Mir_final\Project835\backend\edi835\services.py", line 251, in process_edi835_file_content
    res = parse_835_to_mir(edi_text, filename=stored_filename, client=client)
  File "C:\Users\Sahil1234\Desktop\835_To_Mir_final\Project835\backend\converter\services\parser.py", line 376, in parse_835_to_mir
    mir_text, summary = convert_835_to_mir(text, client=client)
                        ~~~~~~~~~~~~~~~~~~^^^^^^^^^^^^^^^^^^^^^
  File "C:\Users\Sahil1234\Desktop\835_To_Mir_final\Project835\backend\admin_panel\mir_mapper_logic\converter.py", line 9, in convert_835_to_mir
    raise ValueError("No CLP claims were found in the uploaded 835 file.")
ValueError: No CLP claims were found in the uploaded 835 file.
WARNING 2026-08-22 17:40:17,584 services 20292 17276 upload_mir_to_sftp: No SFTPConfig found in database.
WARNING 2026-08-22 17:40:17,595 services 20292 17276 upload_mir_to_sftp: No SFTPConfig found in database.
INFO 2026-08-22 19:17:44,595 autoreload 174628 136117134242304 Watching for file changes with StatReloader
INFO 2026-08-22 19:18:03,338 autoreload 174814 138065135456768 Watching for file changes with StatReloader
INFO 2026-08-22 19:21:27,172 autoreload 177098 140430429770240 Watching for file changes with StatReloader
INFO 2026-08-22 19:28:37,713 autoreload 181727 129041543995904 Watching for file changes with StatReloader
INFO 2026-08-22 19:30:59,139 autoreload 183252 124081613267456 Watching for file changes with StatReloader
INFO 2026-08-22 19:33:19,840 autoreload 184859 128442184323584 Watching for file changes with StatReloader
INFO 2026-08-22 19:41:43,014 autoreload 190354 128356217602560 Watching for file changes with StatReloader
INFO 2026-08-22 19:42:18,670 autoreload 190698 130475798770176 Watching for file changes with StatReloader
INFO 2026-08-22 19:42:59,965 autoreload 191193 129760234451456 Watching for file changes with StatReloader
INFO 2026-08-22 19:48:41,350 autoreload 194791 139347154620928 Watching for file changes with StatReloader
INFO 2026-08-22 19:49:13,737 autoreload 195218 138026491433472 Watching for file changes with StatReloader
WARNING 2026-08-22 20:08:31,127 log 208578 126438103114240 Not Found: /assets/index-1-bMJuCg.css
WARNING 2026-08-22 20:08:31,133 log 208578 126438103114240 Not Found: /assets/index-CBcz_Los.js
WARNING 2026-08-22 20:08:31,467 log 208578 126438103114240 Not Found: /favicon.svg
WARNING 2026-08-22 20:09:28,442 log 208578 126438103114240 Not Found: /favicon.svg
WARNING 2026-08-22 20:09:28,957 log 208578 126438103114240 Not Found: /favicon.svg
WARNING 2026-08-22 20:10:38,172 log 208578 126438103114240 Not Found: /assets/index-CBcz_Los.js
WARNING 2026-08-22 20:10:38,177 log 208578 126438103114240 Not Found: /assets/index-1-bMJuCg.css
WARNING 2026-08-22 20:10:38,505 log 208578 126438103114240 Not Found: /favicon.svg
WARNING 2026-08-22 20:10:39,867 log 208578 126438103114240 Not Found: /console/
WARNING 2026-08-22 20:10:40,081 log 208578 126438103114240 Not Found: /assets/index-CBcz_Los.js
WARNING 2026-08-22 20:10:40,100 log 208578 126438103114240 Not Found: /assets/index-1-bMJuCg.css
WARNING 2026-08-22 20:10:40,242 log 208578 126438103114240 Not Found: /favicon.svg
WARNING 2026-08-22 20:10:40,274 log 208578 126438103114240 Not Found: /assets/index-CBcz_Los.js
WARNING 2026-08-22 20:10:40,399 log 208578 126438103114240 Not Found: /assets/index-1-bMJuCg.css
WARNING 2026-08-22 20:10:40,535 log 208578 126438103114240 Not Found: /favicon.svg
WARNING 2026-08-22 20:10:40,922 log 208578 126438103114240 Not Found: /server
WARNING 2026-08-22 20:10:41,844 log 208578 126438103114240 Not Found: /server-status
WARNING 2026-08-22 20:10:43,853 log 208578 126438103114240 Not Found: /about
WARNING 2026-08-22 20:10:44,830 log 208578 126438103114240 Not Found: /login.action
WARNING 2026-08-22 20:10:46,433 log 208578 126438103114240 Not Found: /___proxy_subdomain_whm/login
WARNING 2026-08-22 20:10:46,751 log 208578 126438103114240 Not Found: /___proxy_subdomain_cpanel
WARNING 2026-08-22 20:10:47,054 log 208578 126438103114240 Not Found: /v2/_catalog
WARNING 2026-08-22 20:10:47,502 log 208578 126438103114240 Not Found: /favicon.svg
WARNING 2026-08-22 20:10:47,863 log 208578 126438103114240 Not Found: /favicon.ico
WARNING 2026-08-22 20:10:48,065 log 208578 126438103114240 Not Found: /.DS_Store
WARNING 2026-08-22 20:10:49,063 log 208578 126438103114240 Not Found: /.env
WARNING 2026-08-22 20:10:51,119 log 208578 126438103114240 Not Found: /app-ads.txt
WARNING 2026-08-22 20:10:51,128 log 208578 126438103114240 Not Found: /ads.txt
WARNING 2026-08-22 20:10:51,136 log 208578 126438103114240 Not Found: /sellers.json
WARNING 2026-08-22 20:10:51,228 log 208578 126438103114240 Not Found: /ecp/Current/exporttool/microsoft.exchange.ediscovery.exporttool.application
WARNING 2026-08-22 20:10:51,498 log 208578 126438103114240 Not Found: /.well-known/security.txt
WARNING 2026-08-22 20:10:51,859 log 208578 126438103114240 Not Found: /security.txt
WARNING 2026-08-22 20:10:53,057 log 208578 126438103114240 Not Found: /.git/config
WARNING 2026-08-22 20:10:54,053 log 208578 126438103114240 Not Found: /graphql
WARNING 2026-08-22 20:10:54,355 log 208578 126438103114240 Not Found: /api
WARNING 2026-08-22 20:10:54,654 log 208578 126438103114240 Unauthorized: /api/graphql
WARNING 2026-08-22 20:10:54,962 log 208578 126438103114240 Not Found: /graphql/api
WARNING 2026-08-22 20:10:55,268 log 208578 126438103114240 Unauthorized: /api/gql
WARNING 2026-08-22 20:10:55,570 log 208578 126438103114240 Not Found: /s/9383e2235313e27313e20353/_/;/META-INF/maven/com.atlassian.jira/jira-webapp-dist/pom.properties
WARNING 2026-08-22 20:10:56,576 log 208578 126438103114240 Not Found: /config.json
WARNING 2026-08-22 20:10:58,756 log 208578 126438103114240 Not Found: /telescope/requests
WARNING 2026-08-22 20:10:59,123 log 208578 126438103114240 Not Found: /info.php
WARNING 2026-08-22 20:11:00,177 log 208578 126438103114240 Not Found: /.well-known/security.txt
WARNING 2026-08-22 20:11:01,440 log 208578 126438103114240 Not Found: /actuator/env
WARNING 2026-08-22 20:11:02,168 log 208578 126438103114240 Not Found: /trace.axd
WARNING 2026-08-22 20:11:03,156 log 208578 126438103114240 Not Found: /@vite/env
WARNING 2026-08-22 20:11:04,176 log 208578 126438103114240 Not Found: /.vscode/sftp.json
WARNING 2026-08-22 20:11:07,186 log 208578 126438103114240 Not Found: /debug/default/view
WARNING 2026-08-22 20:12:10,260 log 208578 126438103114240 Not Found: /assets/index-CBcz_Los.js
WARNING 2026-08-22 20:12:10,283 log 208578 126438103114240 Not Found: /assets/index-1-bMJuCg.css
WARNING 2026-08-22 20:12:10,311 log 208578 126438103114240 Not Found: /favicon.svg
WARNING 2026-08-22 20:12:10,380 log 208578 126438103114240 Not Found: /assets/index-CBcz_Los.js
WARNING 2026-08-22 20:12:10,438 log 208578 126438103114240 Not Found: /assets/index-1-bMJuCg.css
WARNING 2026-08-22 20:12:10,498 log 208578 126438103114240 Not Found: /favicon.svg
WARNING 2026-08-22 20:12:53,925 log 208578 126438103114240 Not Found: /assets/index-CBcz_Los.js
WARNING 2026-08-22 20:13:51,421 log 208578 126438103114240 Not Found: /favicon.svg
WARNING 2026-08-22 20:14:36,235 log 208578 126438103114240 Not Found: /config.js
WARNING 2026-08-22 20:14:36,263 log 208578 126438103114240 Not Found: /.env.local
WARNING 2026-08-22 20:14:36,272 log 208578 126438103114240 Not Found: /js/config.js
WARNING 2026-08-22 20:14:36,302 log 208578 126438103114240 Not Found: /.env
WARNING 2026-08-22 20:14:36,311 log 208578 126438103114240 Not Found: /.env.production
WARNING 2026-08-22 20:14:36,321 log 208578 126438103114240 Not Found: /.env.example
WARNING 2026-08-22 20:14:36,322 log 208578 126438103114240 Unauthorized: /api/config
WARNING 2026-08-22 20:14:36,347 log 208578 126438103114240 Unauthorized: /api/env
WARNING 2026-08-22 20:14:36,368 log 208578 126438103114240 Not Found: /config.json
WARNING 2026-08-22 20:14:36,378 log 208578 126438103114240 Not Found: /js/env.js
WARNING 2026-08-22 20:14:36,383 log 208578 126438103114240 Not Found: /settings.js
WARNING 2026-08-22 20:14:36,388 log 208578 126438103114240 Not Found: /assets/index-CBcz_Los.js
WARNING 2026-08-22 20:16:44,300 log 208578 126438103114240 Not Found: /assets/index-CBcz_Los.js
WARNING 2026-08-22 20:19:44,156 log 208578 126438103114240 Not Found: /favicon.svg
INFO 2026-08-22 20:22:38,980 views 219575 128651519754752 Auth success: User 'akshay.kumar@onesmarter.com' successfully logged in (2FA pending).
INFO 2026-08-22 20:22:42,712 views 219575 128651519754752 Auth success: User 'akshay.kumar@onesmarter.com' successfully logged in (2FA pending).
INFO 2026-08-22 20:22:50,219 views 219575 128651519754752 Auth success: User 'akshay.kumar@onesmarter.com' successfully logged in (2FA pending).
WARNING 2026-08-22 20:23:05,853 views 219575 128651519754752 Auth failure: Login failed for 'akshay.kumar@onesmarter.com'. Errors: ['Invalid email or password.']
WARNING 2026-08-22 20:23:05,854 log 219575 128651519754752 Bad Request: /accounts/api/login/
INFO 2026-08-22 20:23:10,710 views 219575 128651519754752 Auth success: User 'akshay.kumar@onesmarter.com' successfully logged in (2FA pending).
INFO 2026-08-22 20:23:31,012 views 219575 128651519754752 Auth success: User 'sahilasarkar29@gmail.com' successfully logged in (2FA pending).
WARNING 2026-08-22 20:23:40,605 views 219575 128651519754752 Auth failure: Login failed for 'sahilasarkar29@gmail.com'. Errors: ['Invalid email or password.']
WARNING 2026-08-22 20:23:40,606 log 219575 128651519754752 Bad Request: /accounts/api/login/
INFO 2026-08-22 20:23:45,935 views 219575 128651519754752 Auth success: User 'sahilasarkar29@gmail.com' successfully logged in (2FA pending).
WARNING 2026-08-22 20:23:53,492 views 219575 128651519754752 Auth failure: Login failed for 'sahilasarkar29@gmail.com'. Errors: ['Invalid email or password.']
WARNING 2026-08-22 20:23:53,492 log 219575 128651519754752 Bad Request: /accounts/api/login/
INFO 2026-08-22 20:23:58,571 views 219575 128651519754752 Auth success: User 'sahilasarkar29@gmail.com' successfully logged in (2FA pending).
WARNING 2026-08-22 20:24:49,486 log 219575 128651519754752 Not Found: /favicon.svg
WARNING 2026-08-22 21:13:15,605 log 219575 128651519754752 Not Found: /robots.txt
WARNING 2026-08-22 21:13:21,944 log 219575 128651519754752 Not Found: /favicon.svg
WARNING 2026-08-22 21:13:24,822 log 219575 128651519754752 Not Found: /assets/index-CBcz_Los.js
WARNING 2026-08-22 21:13:27,375 log 219575 128651519754752 Not Found: /assets/index-1-bMJuCg.css
WARNING 2026-08-22 21:26:08,514 log 219575 128651519754752 Not Found: /zxq8m3k-test-none
WARNING 2026-08-22 21:26:09,305 log 219575 128651519754752 Not Found: /zz-nonexistent-test-8492.html
WARNING 2026-08-22 21:26:09,795 log 219575 128651519754752 Not Found: /wp-login.php
WARNING 2026-08-22 21:26:10,442 log 219575 128651519754752 Not Found: /_profiler
WARNING 2026-08-22 21:26:24,070 log 219575 128651519754752 Not Found: /wp-login.php
WARNING 2026-08-22 21:26:28,635 log 219575 128651519754752 Not Found: /_profiler
WARNING 2026-08-22 21:26:38,041 log 219575 128651519754752 Not Found: /.env.swp
WARNING 2026-08-22 21:26:38,137 log 219575 128651519754752 Not Found: /backend/.env
WARNING 2026-08-22 21:26:38,394 log 219575 128651519754752 Not Found: /.env.bak
WARNING 2026-08-22 21:26:38,402 log 219575 128651519754752 Not Found: /.env.production
WARNING 2026-08-22 21:26:38,409 log 219575 128651519754752 Not Found: /app/.env
WARNING 2026-08-22 21:27:00,506 log 219575 128651519754752 Not Found: /robots.txt
WARNING 2026-08-22 21:45:13,159 log 219575 128651519754752 Not Found: /favicon.svg
WARNING 2026-08-22 21:49:30,756 log 219575 128651519754752 Not Found: /assets/index-1-bMJuCg.css
WARNING 2026-08-22 21:49:30,762 log 219575 128651519754752 Not Found: /assets/index-CBcz_Los.js
INFO 2026-08-22 22:05:46,036 views 287351 130144966443520 Auth success: User 'akshay.kumar@onesmarter.com' successfully logged in (2FA pending).
INFO 2026-08-22 22:05:51,696 views 287351 130144966443520 Auth success: User 'akshay.kumar@onesmarter.com' successfully logged in (2FA pending).
INFO 2026-08-22 22:06:07,864 views 287351 130144966443520 Auth success: User 'akshay.kumar@onesmarter.com' successfully logged in (2FA pending).
INFO 2026-08-22 22:06:13,401 views 287351 130144966443520 Auth success: User 'akshay.kumar@onesmarter.com' successfully logged in (2FA pending).
WARNING 2026-08-22 22:06:18,485 views 287351 130144966443520 Auth failure: Login failed for 'akshay.kumar@onesmarter.com'. Errors: ['Invalid email or password.']
WARNING 2026-08-22 22:06:18,486 log 287351 130144966443520 Bad Request: /accounts/api/login/
INFO 2026-08-22 22:06:24,054 views 287351 130144966443520 Auth success: User 'akshay.kumar@onesmarter.com' successfully logged in (2FA pending).
WARNING 2026-08-22 22:08:19,824 views 287351 130144966443520 Auth failure: Login failed for 'sahilasarakr29@gmail.com'. Errors: ['Invalid email or password.']
WARNING 2026-08-22 22:08:19,825 log 287351 130144966443520 Bad Request: /accounts/api/login/
INFO 2026-08-22 22:08:38,176 views 287351 130144966443520 Auth success: User 'sahilasarkar29@gmail.com' successfully logged in (2FA pending).
WARNING 2026-08-22 22:32:26,332 views 287351 130144966443520 Auth failure: Login failed for 'akshay.kumar@onesmarter.com'. Errors: ['Invalid email or password.']
WARNING 2026-08-22 22:32:26,332 log 287351 130144966443520 Bad Request: /accounts/api/login/
INFO 2026-08-22 22:32:43,875 views 287351 130144966443520 Auth success: User 'akshay.kumar@onesmarter.com' successfully logged in (2FA pending).
INFO 2026-08-22 22:32:48,627 views 287351 130144966443520 Auth success: User 'akshay.kumar@onesmarter.com' successfully logged in (2FA pending).
INFO 2026-08-22 22:32:50,868 views 287351 130144966443520 Auth success: User 'akshay.kumar@onesmarter.com' successfully logged in (2FA pending).
INFO 2026-08-22 22:32:57,616 views 287351 130144966443520 Auth success: User 'akshay.kumar@onesmarter.com' successfully logged in (2FA pending).
WARNING 2026-08-22 22:33:09,478 views 287351 130144966443520 Auth failure: Login failed for 'akshay.kumar@onesmarter.com'. Errors: ['Invalid email or password.']
WARNING 2026-08-22 22:33:09,479 log 287351 130144966443520 Bad Request: /accounts/api/login/
WARNING 2026-08-22 22:33:46,108 views 287351 130144966443520 Auth failure: Login failed for 'sahilasarkar29@gmail.com'. Errors: ['Invalid email or password.']
WARNING 2026-08-22 22:33:46,109 log 287351 130144966443520 Bad Request: /accounts/api/login/
INFO 2026-08-22 22:33:49,874 views 287351 130144966443520 Auth success: User 'sahilasarkar29@gmail.com' successfully logged in (2FA pending).
INFO 2026-08-22 22:34:25,624 views 287351 130144966443520 Auth success: User 'sahilasarkar29@gmail.com' successfully logged in (2FA pending).
INFO 2026-08-22 22:35:10,165 views 287351 130144966443520 Auth success: User 'sahilasarkar29@gmail.com' successfully logged in (2FA pending).
INFO 2026-08-22 22:37:16,140 views 287351 130144966443520 Auth success: User 'sahilasarkar29@gmail.com' successfully logged in (2FA pending).
INFO 2026-08-22 22:37:57,927 views 287351 130144966443520 Auth success: User 'sahilasarkar29@gmail.com' successfully logged in (2FA pending).
WARNING 2026-08-22 22:40:04,800 log 287351 130144966443520 Not Found: /robots.txt
WARNING 2026-08-22 22:40:04,835 log 287351 130144966443520 Not Found: /favicon.svg
WARNING 2026-08-22 22:42:38,088 log 287351 130144966443520 Not Found: /assets/index-1-bMJuCg.css
INFO 2026-08-22 22:43:23,364 views 287351 130144966443520 Auth success: User 'sahilasarkar29@gmail.com' successfully logged in (2FA pending).
INFO 2026-08-22 22:47:04,147 views 287351 130144966443520 Auth success: User 'sahilasarkar29@gmail.com' successfully logged in (2FA pending).
INFO 2026-08-22 22:47:16,093 views 287351 130144966443520 Auth success: User 'sahilasarkar29@gmail.com' successfully logged in (2FA pending).
WARNING 2026-08-22 22:48:36,416 log 287351 130144966443520 Not Found: /assets/index-CBcz_Los.js
INFO 2026-08-22 22:54:23,107 views 287351 130144966443520 Auth success: User 'sahilasarkar29@gmail.com' successfully logged in (2FA pending).
INFO 2026-08-22 22:55:08,709 views 287351 130144966443520 Auth success: User 'sahilasarkar29@gmail.com' successfully logged in (2FA pending).
WARNING 2026-08-22 22:55:59,145 log 287351 130144966443520 Not Found: /assets/index-1-bMJuCg.css
WARNING 2026-08-22 22:55:59,150 log 287351 130144966443520 Not Found: /assets/index-CBcz_Los.js
WARNING 2026-08-22 22:55:59,278 log 287351 130144966443520 Not Found: /favicon.svg
WARNING 2026-08-22 22:56:06,534 log 287351 130144966443520 Not Found: /assets/index-CBcz_Los.js
WARNING 2026-08-22 22:56:06,540 log 287351 130144966443520 Not Found: /assets/index-1-bMJuCg.css
WARNING 2026-08-22 22:56:06,616 log 287351 130144966443520 Not Found: /favicon.svg
INFO 2026-08-22 23:10:53,783 views 287351 130144966443520 Auth success: User 'sahilasarkar29@gmail.com' successfully logged in (2FA pending).
INFO 2026-08-22 23:11:07,493 views 287351 130144966443520 Auth success: User 'sahilasarkar29@gmail.com' successfully logged in (2FA pending).
INFO 2026-08-22 23:13:05,983 views 287351 130144966443520 Auth success: User 'sahilasarkar29@gmail.com' successfully logged in (2FA pending).
INFO 2026-08-22 23:13:42,419 views 287351 130144966443520 Auth success: User 'sahilasarkar29@gmail.com' successfully logged in (2FA pending).
INFO 2026-08-22 23:16:13,564 views 287351 130144966443520 Auth success: User 'sahilasarkar29@gmail.com' successfully logged in (2FA pending).
INFO 2026-08-22 23:17:33,756 views 287351 130144966443520 Auth success: User 'sahilasarkar29@gmail.com' successfully logged in (2FA pending).
INFO 2026-08-22 23:17:37,528 views 287351 130144966443520 Auth success: User 'sahilasarkar29@gmail.com' successfully logged in (2FA pending).
INFO 2026-08-22 23:18:39,876 views 287351 130144966443520 Auth success: User 'sahilasarkar29@gmail.com' successfully logged in (2FA pending).
INFO 2026-08-22 23:22:05,602 views 287351 130144966443520 Auth success: User 'sahilasarkar29@gmail.com' successfully logged in (2FA pending).
INFO 2026-08-22 23:22:48,341 views 287351 130144966443520 Auth success: User 'akshay.kumar@onesmarter.com' successfully logged in (2FA pending).
WARNING 2026-08-22 23:24:28,796 views 287351 130144966443520 Auth failure: Login failed for 'sahilasarkar29@gmai.com'. Errors: ['Invalid email or password.']
WARNING 2026-08-22 23:24:28,797 log 287351 130144966443520 Bad Request: /accounts/api/login/
WARNING 2026-08-22 23:24:39,413 views 287351 130144966443520 Auth failure: Login failed for 'sahilasarkar29@gmai.com'. Errors: ['Invalid email or password.']
WARNING 2026-08-22 23:24:39,414 log 287351 130144966443520 Bad Request: /accounts/api/login/
INFO 2026-08-22 23:24:49,504 views 287351 130144966443520 Auth success: User 'sahilasarkar29@gmail.com' successfully logged in (2FA pending).
INFO 2026-08-22 23:27:27,177 views 287351 130144966443520 Auth success: User 'sahilasarkar29@gmail.com' successfully logged in (2FA pending).
INFO 2026-08-22 23:27:44,491 views 287351 130144966443520 Auth success: User 'sahilasarkar29@gmail.com' successfully logged in (2FA pending).
INFO 2026-08-22 23:31:06,234 views 287351 130144966443520 Auth success: User 'sahilasarkar29@gmail.com' successfully logged in (2FA pending).
INFO 2026-08-22 23:32:53,417 views 287351 130144966443520 Auth success: User 'sahilasarkar29@gmail.com' successfully logged in (2FA pending).
INFO 2026-08-22 23:32:58,676 views 287351 130144966443520 Auth success: User 'sahilasarkar29@gmail.com' successfully logged in (2FA pending).
INFO 2026-08-22 23:33:14,515 views 287351 130144966443520 Auth success: User 'sahilasarkar29@gmail.com' successfully logged in (2FA pending).
INFO 2026-08-22 23:34:31,626 views 287351 130144966443520 Auth success: User 'sahilasarkar29@gmail.com' successfully logged in (2FA pending).
INFO 2026-08-22 23:36:10,501 views 287351 130144966443520 Auth success: User 'sahilasarkar29@gmail.com' successfully logged in (2FA pending).
INFO 2026-08-22 23:39:25,535 views 287351 130144966443520 Auth success: User 'sahilasarkar29@gmail.com' successfully logged in (2FA pending).
INFO 2026-08-22 23:40:44,910 views 348363 125967518695936 Auth success: User 'sahilasarkar29@gmail.com' successfully logged in (2FA pending).
WARNING 2026-08-22 23:47:19,087 views 348363 125967518695936 Auth failure: Staff user 'akshay.kumar@onesmarter.com' attempted standard login.
WARNING 2026-08-22 23:47:19,089 log 348363 125967518695936 Bad Request: /accounts/api/login/
INFO 2026-08-22 23:59:59,328 views 348363 125967518695936 Auth success: User 'sahilasarkar29@gmail.com' successfully logged in (2FA pending).
ERROR 2026-08-23 00:00:31,504 log 348363 125967518695936 Internal Server Error: /edi835/api/sftp/browse/
Traceback (most recent call last):
  File "/var/www/835_to_MIR_backend/venv/lib/python3.14/site-packages/django/core/handlers/exception.py", line 56, in inner
    response = get_response(request)
  File "/var/www/835_to_MIR_backend/venv/lib/python3.14/site-packages/django/core/handlers/base.py", line 199, in _get_response
    response = wrapped_callback(request, *callback_args, **callback_kwargs)
  File "/var/www/835_to_MIR_backend/venv/lib/python3.14/site-packages/django/views/decorators/csrf.py", line 64, in _view_wrapper
    return view_func(request, *args, **kwargs)
  File "/var/www/835_to_MIR_backend/edi835/views.py", line 1118, in api_browse_sftp
    import paramiko
ModuleNotFoundError: No module named 'paramiko'
ERROR 2026-08-23 00:00:48,444 log 348363 125967518695936 Internal Server Error: /api/sftp/connect
Traceback (most recent call last):
  File "/var/www/835_to_MIR_backend/venv/lib/python3.14/site-packages/django/core/handlers/exception.py", line 56, in inner
    response = get_response(request)
  File "/var/www/835_to_MIR_backend/venv/lib/python3.14/site-packages/django/core/handlers/base.py", line 199, in _get_response
    response = wrapped_callback(request, *callback_args, **callback_kwargs)
  File "/var/www/835_to_MIR_backend/venv/lib/python3.14/site-packages/django/views/decorators/csrf.py", line 64, in _view_wrapper
    return view_func(request, *args, **kwargs)
  File "/var/www/835_to_MIR_backend/edi835/views.py", line 662, in api_sftp_connect
    res = test_sftp_connection(
        host=host,
    ...<6 lines>...
        remote_folder=body.get("inbound_835_folder", "/")
    )
  File "/var/www/835_to_MIR_backend/edi835/views.py", line 408, in test_sftp_connection
    import paramiko
ModuleNotFoundError: No module named 'paramiko'
INFO 2026-08-23 00:33:51,459 views 348363 125967518695936 Auth success: User 'sahilasarkar29@gmail.com' successfully logged in (2FA pending).
WARNING 2026-08-23 00:57:41,193 log 348363 125967518695936 Not Found: /assets/index-CBcz_Los.js
WARNING 2026-08-23 00:57:41,219 log 348363 125967518695936 Not Found: /assets/index-1-bMJuCg.css
WARNING 2026-08-23 05:43:01,273 log 348363 125967518695936 Not Found: /favicon.svg
WARNING 2026-08-23 05:58:13,249 log 348363 125967518695936 Not Found: /assets/index-CBcz_Los.js
WARNING 2026-08-23 06:20:26,507 views 348363 125967518695936 Auth failure: Login failed for 'admin@gmail.com '. Errors: ['Invalid email or password.']
WARNING 2026-08-23 06:20:26,507 log 348363 125967518695936 Bad Request: /accounts/api/login/
WARNING 2026-08-23 10:37:20,353 views 348363 125967518695936 Auth failure: Staff user 'akshay.kumar@onesmarter.com' attempted standard login.
WARNING 2026-08-23 10:37:20,353 log 348363 125967518695936 Bad Request: /accounts/api/login/
WARNING 2026-08-23 11:28:32,658 log 348363 125967518695936 Not Found: /assets/index-1-bMJuCg.css
WARNING 2026-08-23 11:28:32,665 log 348363 125967518695936 Not Found: /assets/index-CBcz_Los.js
WARNING 2026-08-23 11:28:33,090 log 348363 125967518695936 Not Found: /favicon.svg
WARNING 2026-08-23 11:36:35,582 log 348363 125967518695936 Not Found: /wp-login.php
WARNING 2026-08-23 11:41:23,827 log 348363 125967518695936 Not Found: /assets/index-1-bMJuCg.css
WARNING 2026-08-23 11:41:23,834 log 348363 125967518695936 Not Found: /assets/index-CBcz_Los.js
INFO 2026-08-23 11:42:27,724 views 348363 125967518695936 Auth success: User 'sahilasarkar@gmail.com' successfully logged in (2FA pending).
INFO 2026-08-23 11:44:23,467 views 348363 125967518695936 Auth success: User 'sahilasarkar@gmail.com' successfully logged in (2FA pending).
INFO 2026-08-23 11:46:08,330 views 348363 125967518695936 Auth success: User 'sahilasarkar29@gmail.com' successfully logged in (2FA pending).
ERROR 2026-08-23 11:46:37,576 services 348363 125967518695936 upload_mir_to_sftp failed to upload CLM_PAYP_20260807_070315.mir: No module named 'paramiko'
Traceback (most recent call last):
  File "/var/www/835_to_MIR_backend/edi835/services.py", line 49, in upload_mir_to_sftp
    import paramiko
ModuleNotFoundError: No module named 'paramiko'
WARNING 2026-08-23 11:50:30,655 views 348363 125967518695936 Auth failure: Staff user 'akshay.kumar@onesmarter.com' attempted standard login.
WARNING 2026-08-23 11:50:30,656 log 348363 125967518695936 Bad Request: /accounts/api/login/
INFO 2026-08-23 11:50:59,667 views 348363 125967518695936 Auth success: User 'akshay.kumar@onesmarter.com' successfully logged in (2FA pending).
INFO 2026-08-23 12:08:39,263 views 348363 125967518695936 Auth success: User 'sahilasarkar@gmail.com' successfully logged in (2FA pending).
WARNING 2026-08-23 12:08:54,256 log 348363 125967518695936 Bad Request: /accounts/api/totp/verify/
WARNING 2026-08-23 12:16:53,151 log 348363 125967518695936 Forbidden: /admin-panel/api/clients/
INFO 2026-08-23 12:17:09,500 views 348363 125967518695936 Auth success: User 'sahilasarkar29@gmail.com' successfully logged in (2FA pending).
ERROR 2026-08-23 12:19:24,156 services 348363 125967518695936 upload_mir_to_sftp failed to upload sahil.mir: No module named 'paramiko'
Traceback (most recent call last):
  File "/var/www/835_to_MIR_backend/edi835/services.py", line 49, in upload_mir_to_sftp
    import paramiko
ModuleNotFoundError: No module named 'paramiko'
INFO 2026-08-23 12:21:55,868 views 348363 125967518695936 Auth success: User 'sahilasarkar@gmail.com' successfully logged in (2FA pending).
WARNING 2026-08-23 12:29:05,638 log 348363 125967518695936 Not Found: /assets/index-CBcz_Los.js
WARNING 2026-08-23 12:29:05,964 log 348363 125967518695936 Not Found: /assets/index-1-bMJuCg.css
WARNING 2026-08-23 13:00:08,620 views 856822 125967518695936 Auth failure: Login failed for 'sahilasarakr@gmail.com'. Errors: ['Invalid email or password.']
WARNING 2026-08-23 13:00:08,621 log 856822 125967518695936 Bad Request: /accounts/api/login/
WARNING 2026-08-23 13:00:37,170 views 856822 125967518695936 Auth failure: Login failed for 'sahilasarakr@gmail.com'. Errors: ['Invalid email or password.']
WARNING 2026-08-23 13:00:37,170 log 856822 125967518695936 Bad Request: /accounts/api/login/
INFO 2026-08-23 13:00:52,431 views 856822 125967518695936 Auth success: User 'sahilasarkar@gmail.com' successfully logged in (2FA pending).
INFO 2026-08-23 13:00:58,671 views 856822 125967518695936 Auth success: User 'sahilasarkar@gmail.com' successfully logged in (2FA pending).
INFO 2026-08-23 13:01:01,405 views 856822 125967518695936 Auth success: User 'sahilasarkar@gmail.com' successfully logged in (2FA pending).
WARNING 2026-08-23 13:01:15,912 log 856822 125967518695936 Forbidden: /admin-panel/api/access/info/
INFO 2026-08-23 13:01:36,360 views 856822 125967518695936 Auth success: User 'sahilasarkar@gmail.com' successfully logged in (2FA pending).
WARNING 2026-08-23 13:02:11,376 views 856822 125967518695936 Auth failure: Login failed for 'sahilasarakr@gmail.com'. Errors: ['Invalid email or password.']
WARNING 2026-08-23 13:02:11,376 log 856822 125967518695936 Bad Request: /accounts/api/login/
INFO 2026-08-23 13:02:28,227 views 856822 125967518695936 Auth success: User 'sahilasarkar@gmail.com' successfully logged in (2FA pending).
INFO 2026-08-23 13:02:33,600 views 856822 125967518695936 Auth success: User 'sahilasarkar@gmail.com' successfully logged in (2FA pending).
WARNING 2026-08-23 13:05:26,973 log 856822 125967518695936 Forbidden: /admin-panel/api/clients/ec18f56c-a99e-4d83-bf32-ac66b6d3c6b9/steps/step_1_mutual_nda_signed/upload/
WARNING 2026-08-23 13:17:22,390 views 856822 125967518695936 Auth failure: Login failed for 'sahilasarakr@gmail.com'. Errors: ['Invalid email or password.']
WARNING 2026-08-23 13:17:22,391 log 856822 125967518695936 Bad Request: /accounts/api/login/
WARNING 2026-08-23 13:17:47,003 views 856822 125967518695936 Auth failure: Login failed for 'sahilasarakr@gmail.com'. Errors: ['Invalid email or password.']
WARNING 2026-08-23 13:17:47,004 log 856822 125967518695936 Bad Request: /accounts/api/login/
WARNING 2026-08-23 13:17:49,656 views 856822 125967518695936 Auth failure: Login failed for 'sahilasarakr@gmail.com'. Errors: ['Invalid email or password.']
WARNING 2026-08-23 13:17:49,656 log 856822 125967518695936 Bad Request: /accounts/api/login/
WARNING 2026-08-23 13:19:23,310 views 856822 125967518695936 Auth failure: Login failed for 'sahilasarakr@gmail.com'. Errors: ['Invalid email or password.']
WARNING 2026-08-23 13:19:23,311 log 856822 125967518695936 Bad Request: /accounts/api/login/
WARNING 2026-08-23 13:22:29,588 views 856822 125967518695936 Auth failure: Login failed for 'sahilasarakr@gmail.com'. Errors: ['Invalid email or password.']
WARNING 2026-08-23 13:22:29,588 log 856822 125967518695936 Bad Request: /accounts/api/login/
WARNING 2026-08-23 13:22:40,641 views 856822 125967518695936 Auth failure: Login failed for 'sahilasarakr@gmail.com'. Errors: ['Invalid email or password.']
WARNING 2026-08-23 13:22:40,642 log 856822 125967518695936 Bad Request: /accounts/api/login/
INFO 2026-08-23 13:22:53,087 views 856822 125967518695936 Auth success: User 'sahilasarkar@gmail.com' successfully logged in (2FA pending).
INFO 2026-08-23 13:24:54,847 views 856822 125967518695936 Auth success: User 'sahilasarkar@gmail.com' successfully logged in (2FA pending).
WARNING 2026-08-23 13:39:32,895 email_service 856822 125967518695936 Cannot send email: No SMTP config found for client Akshay  Test Client
WARNING 2026-08-23 13:39:32,896 log 856822 125967518695936 Bad Request: /admin-panel/api/clients/ec18f56c-a99e-4d83-bf32-ac66b6d3c6b9/steps/step_1_mutual_nda_signed/upload/
WARNING 2026-08-23 13:39:41,261 email_service 856822 125967518695936 Cannot send email: No SMTP config found for client Akshay  Test Client
WARNING 2026-08-23 13:41:07,916 email_service 856822 125967518695936 Cannot send email: No SMTP config found for client Akshay  Test Client
WARNING 2026-08-23 13:41:07,916 log 856822 125967518695936 Bad Request: /admin-panel/api/clients/ec18f56c-a99e-4d83-bf32-ac66b6d3c6b9/steps/step_2_business_associate_a/upload/
WARNING 2026-08-23 13:41:32,425 email_service 856822 125967518695936 Cannot send email: No SMTP config found for client Akshay  Test Client
WARNING 2026-08-23 13:41:45,345 email_service 856822 125967518695936 Cannot send email: No SMTP config found for client Akshay  Test Client
ERROR 2026-08-23 13:51:07,965 log 856822 125967518695936 Internal Server Error: /edi835/api/sftp/save/
Traceback (most recent call last):
  File "/var/www/835_to_MIR_backend/venv/lib/python3.14/site-packages/django/core/handlers/exception.py", line 56, in inner
    response = get_response(request)
  File "/var/www/835_to_MIR_backend/venv/lib/python3.14/site-packages/django/core/handlers/base.py", line 199, in _get_response
    response = wrapped_callback(request, *callback_args, **callback_kwargs)
  File "/var/www/835_to_MIR_backend/venv/lib/python3.14/site-packages/django/views/decorators/csrf.py", line 64, in _view_wrapper
    return view_func(request, *args, **kwargs)
  File "/var/www/835_to_MIR_backend/edi835/views.py", line 727, in api_save_sftp_config
    test_res = test_sftp_connection(
        host=host,
    ...<6 lines>...
        remote_folder=test_folder,
    )
  File "/var/www/835_to_MIR_backend/edi835/views.py", line 408, in test_sftp_connection
    import paramiko
ModuleNotFoundError: No module named 'paramiko'
ERROR 2026-08-23 13:52:36,354 log 856822 125967518695936 Internal Server Error: /edi835/api/sftp/browse/
Traceback (most recent call last):
  File "/var/www/835_to_MIR_backend/venv/lib/python3.14/site-packages/django/core/handlers/exception.py", line 56, in inner
    response = get_response(request)
  File "/var/www/835_to_MIR_backend/venv/lib/python3.14/site-packages/django/core/handlers/base.py", line 199, in _get_response
    response = wrapped_callback(request, *callback_args, **callback_kwargs)
  File "/var/www/835_to_MIR_backend/venv/lib/python3.14/site-packages/django/views/decorators/csrf.py", line 64, in _view_wrapper
    return view_func(request, *args, **kwargs)
  File "/var/www/835_to_MIR_backend/edi835/views.py", line 1118, in api_browse_sftp
    import paramiko
ModuleNotFoundError: No module named 'paramiko'
ERROR 2026-08-23 13:52:37,003 log 856822 125967518695936 Internal Server Error: /edi835/api/sftp/browse/
Traceback (most recent call last):
  File "/var/www/835_to_MIR_backend/venv/lib/python3.14/site-packages/django/core/handlers/exception.py", line 56, in inner
    response = get_response(request)
  File "/var/www/835_to_MIR_backend/venv/lib/python3.14/site-packages/django/core/handlers/base.py", line 199, in _get_response
    response = wrapped_callback(request, *callback_args, **callback_kwargs)
  File "/var/www/835_to_MIR_backend/venv/lib/python3.14/site-packages/django/views/decorators/csrf.py", line 64, in _view_wrapper
    return view_func(request, *args, **kwargs)
  File "/var/www/835_to_MIR_backend/edi835/views.py", line 1118, in api_browse_sftp
    import paramiko
ModuleNotFoundError: No module named 'paramiko'
ERROR 2026-08-23 13:52:38,353 log 856822 125967518695936 Internal Server Error: /edi835/api/sftp/browse/
Traceback (most recent call last):
  File "/var/www/835_to_MIR_backend/venv/lib/python3.14/site-packages/django/core/handlers/exception.py", line 56, in inner
    response = get_response(request)
  File "/var/www/835_to_MIR_backend/venv/lib/python3.14/site-packages/django/core/handlers/base.py", line 199, in _get_response
    response = wrapped_callback(request, *callback_args, **callback_kwargs)
  File "/var/www/835_to_MIR_backend/venv/lib/python3.14/site-packages/django/views/decorators/csrf.py", line 64, in _view_wrapper
    return view_func(request, *args, **kwargs)
  File "/var/www/835_to_MIR_backend/edi835/views.py", line 1118, in api_browse_sftp
    import paramiko
ModuleNotFoundError: No module named 'paramiko'
ERROR 2026-08-23 13:52:38,675 log 856822 125967518695936 Internal Server Error: /edi835/api/sftp/browse/
Traceback (most recent call last):
  File "/var/www/835_to_MIR_backend/venv/lib/python3.14/site-packages/django/core/handlers/exception.py", line 56, in inner
    response = get_response(request)
  File "/var/www/835_to_MIR_backend/venv/lib/python3.14/site-packages/django/core/handlers/base.py", line 199, in _get_response
    response = wrapped_callback(request, *callback_args, **callback_kwargs)
  File "/var/www/835_to_MIR_backend/venv/lib/python3.14/site-packages/django/views/decorators/csrf.py", line 64, in _view_wrapper
    return view_func(request, *args, **kwargs)
  File "/var/www/835_to_MIR_backend/edi835/views.py", line 1118, in api_browse_sftp
    import paramiko
ModuleNotFoundError: No module named 'paramiko'
ERROR 2026-08-23 13:52:38,739 log 856822 125967518695936 Internal Server Error: /edi835/api/sftp/browse/
Traceback (most recent call last):
  File "/var/www/835_to_MIR_backend/venv/lib/python3.14/site-packages/django/core/handlers/exception.py", line 56, in inner
    response = get_response(request)
  File "/var/www/835_to_MIR_backend/venv/lib/python3.14/site-packages/django/core/handlers/base.py", line 199, in _get_response
    response = wrapped_callback(request, *callback_args, **callback_kwargs)
  File "/var/www/835_to_MIR_backend/venv/lib/python3.14/site-packages/django/views/decorators/csrf.py", line 64, in _view_wrapper
    return view_func(request, *args, **kwargs)
  File "/var/www/835_to_MIR_backend/edi835/views.py", line 1118, in api_browse_sftp
    import paramiko
ModuleNotFoundError: No module named 'paramiko'
ERROR 2026-08-23 13:52:41,156 log 856822 125967518695936 Internal Server Error: /edi835/api/sftp/save/
Traceback (most recent call last):
  File "/var/www/835_to_MIR_backend/venv/lib/python3.14/site-packages/django/core/handlers/exception.py", line 56, in inner
    response = get_response(request)
  File "/var/www/835_to_MIR_backend/venv/lib/python3.14/site-packages/django/core/handlers/base.py", line 199, in _get_response
    response = wrapped_callback(request, *callback_args, **callback_kwargs)
  File "/var/www/835_to_MIR_backend/venv/lib/python3.14/site-packages/django/views/decorators/csrf.py", line 64, in _view_wrapper
    return view_func(request, *args, **kwargs)
  File "/var/www/835_to_MIR_backend/edi835/views.py", line 727, in api_save_sftp_config
    test_res = test_sftp_connection(
        host=host,
    ...<6 lines>...
        remote_folder=test_folder,
    )
  File "/var/www/835_to_MIR_backend/edi835/views.py", line 408, in test_sftp_connection
    import paramiko
ModuleNotFoundError: No module named 'paramiko'
ERROR 2026-08-23 13:52:43,441 log 856822 125967518695936 Internal Server Error: /edi835/api/sftp/browse/
Traceback (most recent call last):
  File "/var/www/835_to_MIR_backend/venv/lib/python3.14/site-packages/django/core/handlers/exception.py", line 56, in inner
    response = get_response(request)
  File "/var/www/835_to_MIR_backend/venv/lib/python3.14/site-packages/django/core/handlers/base.py", line 199, in _get_response
    response = wrapped_callback(request, *callback_args, **callback_kwargs)
  File "/var/www/835_to_MIR_backend/venv/lib/python3.14/site-packages/django/views/decorators/csrf.py", line 64, in _view_wrapper
    return view_func(request, *args, **kwargs)
  File "/var/www/835_to_MIR_backend/edi835/views.py", line 1118, in api_browse_sftp
    import paramiko
ModuleNotFoundError: No module named 'paramiko'
INFO 2026-08-23 14:36:45,866 views 856822 125967518695936 Auth success: User 'sahilasarkar29@gmail.com' successfully logged in (2FA pending).
WARNING 2026-08-23 14:36:58,669 views 856822 125967518695936 Auth failure: Staff user 'akshay.kumar@onesmarter.com' attempted standard login.
WARNING 2026-08-23 14:36:58,670 log 856822 125967518695936 Bad Request: /accounts/api/login/
INFO 2026-08-23 14:37:54,020 views 856822 125967518695936 Auth success: User 'sahilasarkar@gmail.com' successfully logged in (2FA pending).
INFO 2026-08-23 14:40:07,611 views 856822 125967518695936 Auth success: User 'akshay.kumar@onesmarter.com' successfully logged in (2FA pending).
ERROR 2026-08-23 14:40:18,234 log 856822 125967518695936 Internal Server Error: /edi835/api/sftp/save/
Traceback (most recent call last):
  File "/var/www/835_to_MIR_backend/venv/lib/python3.14/site-packages/django/core/handlers/exception.py", line 56, in inner
    response = get_response(request)
  File "/var/www/835_to_MIR_backend/venv/lib/python3.14/site-packages/django/core/handlers/base.py", line 199, in _get_response
    response = wrapped_callback(request, *callback_args, **callback_kwargs)
  File "/var/www/835_to_MIR_backend/venv/lib/python3.14/site-packages/django/views/decorators/csrf.py", line 64, in _view_wrapper
    return view_func(request, *args, **kwargs)
  File "/var/www/835_to_MIR_backend/edi835/views.py", line 727, in api_save_sftp_config
    test_res = test_sftp_connection(
        host=host,
    ...<6 lines>...
        remote_folder=test_folder,
    )
  File "/var/www/835_to_MIR_backend/edi835/views.py", line 408, in test_sftp_connection
    import paramiko
ModuleNotFoundError: No module named 'paramiko'
INFO 2026-08-23 14:41:23,930 views 856822 125967518695936 Auth success: User 'sahilasarkar29@gmail.com' successfully logged in (2FA pending).
ERROR 2026-08-23 14:41:31,299 log 856822 125967518695936 Internal Server Error: /edi835/api/sftp/save/
Traceback (most recent call last):
  File "/var/www/835_to_MIR_backend/venv/lib/python3.14/site-packages/django/core/handlers/exception.py", line 56, in inner
    response = get_response(request)
  File "/var/www/835_to_MIR_backend/venv/lib/python3.14/site-packages/django/core/handlers/base.py", line 199, in _get_response
    response = wrapped_callback(request, *callback_args, **callback_kwargs)
  File "/var/www/835_to_MIR_backend/venv/lib/python3.14/site-packages/django/views/decorators/csrf.py", line 64, in _view_wrapper
    return view_func(request, *args, **kwargs)
  File "/var/www/835_to_MIR_backend/edi835/views.py", line 727, in api_save_sftp_config
    test_res = test_sftp_connection(
        host=host,
    ...<6 lines>...
        remote_folder=test_folder,
    )
  File "/var/www/835_to_MIR_backend/edi835/views.py", line 408, in test_sftp_connection
    import paramiko
ModuleNotFoundError: No module named 'paramiko'
INFO 2026-08-23 14:41:53,370 views 856822 125967518695936 Auth success: User 'sahilasarkar29@gmail.com' successfully logged in (2FA pending).
WARNING 2026-08-23 14:42:06,657 views 856822 125967518695936 Auth failure: Login failed for 'sahilasarkar29@gmail.com'. Errors: ['Invalid email or password.']
WARNING 2026-08-23 14:42:06,657 log 856822 125967518695936 Bad Request: /accounts/api/login/
WARNING 2026-08-23 14:42:17,732 views 856822 125967518695936 Auth failure: Login failed for 'sahilasarkar29@gmail.com'. Errors: ['Invalid email or password.']
WARNING 2026-08-23 14:42:17,733 log 856822 125967518695936 Bad Request: /accounts/api/login/
INFO 2026-08-23 14:43:27,586 views 856822 125967518695936 Auth success: User 'sahilasarkar29@gmail.com' successfully logged in (2FA pending).
INFO 2026-08-23 14:43:45,764 views 856822 125967518695936 Auth success: User 'sahilasarkar29@gmail.com' successfully logged in (2FA pending).
INFO 2026-08-23 14:57:55,958 views 939816 132096793555456 SFTP connection started - Host: 170.249.90.215, Port: 22, User: akshay
INFO 2026-08-23 14:57:55,958 views 939816 132096793555456 Stage 1: TCP connection attempted to 170.249.90.215:22
WARNING 2026-08-23 14:58:01,985 views 939816 132096793555456 Stage 1: TCP socket connection TIMED OUT
INFO 2026-08-23 14:58:01,985 views 939816 132096793555456 Connection cleanup started
INFO 2026-08-23 14:58:01,985 views 939816 132096793555456 Connection cleanup finished
INFO 2026-08-23 15:02:06,368 views 939816 132096793555456 SFTP connection started - Host: eu-central-1.sftpcloud.io, Port: 22, User: 94d203ecb95d4b57b5a28a4dc0584826
INFO 2026-08-23 15:02:06,368 views 939816 132096793555456 Stage 1: TCP connection attempted to eu-central-1.sftpcloud.io:22
INFO 2026-08-23 15:02:06,497 views 939816 132096793555456 Stage 1: TCP socket connection PASSED
INFO 2026-08-23 15:02:06,497 views 939816 132096793555456 Stage 2: SSH handshake attempted
INFO 2026-08-23 15:02:07,432 views 939816 132096793555456 Stage 2 (SSH Handshake) & Stage 3 (Authentication) PASSED
INFO 2026-08-23 15:02:07,433 views 939816 132096793555456 Stage 4: SFTP subsystem attempted
INFO 2026-08-23 15:02:07,747 views 939816 132096793555456 Stage 4: SFTP subsystem PASSED
INFO 2026-08-23 15:02:09,340 views 939816 132096793555456 SFTP connection completed successfully
INFO 2026-08-23 15:02:09,341 views 939816 132096793555456 Connection cleanup started
INFO 2026-08-23 15:02:09,341 views 939816 132096793555456 Connection cleanup finished
INFO 2026-08-23 15:02:28,711 views 939816 132096793555456 SFTP connection started - Host: eu-central-1.sftpcloud.io, Port: 22, User: 94d203ecb95d4b57b5a28a4dc0584826
INFO 2026-08-23 15:02:28,711 views 939816 132096793555456 Stage 1: TCP connection attempted to eu-central-1.sftpcloud.io:22
INFO 2026-08-23 15:02:28,816 views 939816 132096793555456 Stage 1: TCP socket connection PASSED
INFO 2026-08-23 15:02:28,816 views 939816 132096793555456 Stage 2: SSH handshake attempted
WARNING 2026-08-23 15:02:29,676 views 939816 132096793555456 Stage 3: Authentication failed
INFO 2026-08-23 15:02:29,677 views 939816 132096793555456 Connection cleanup started
INFO 2026-08-23 15:02:29,677 views 939816 132096793555456 Connection cleanup finished
INFO 2026-08-23 15:02:40,287 views 939816 132096793555456 SFTP connection started - Host: eu-central-1.sftpcloud.io, Port: 22, User: 94d203ecb95d4b57b5a28a4dc0584826
INFO 2026-08-23 15:02:40,287 views 939816 132096793555456 Stage 1: TCP connection attempted to eu-central-1.sftpcloud.io:22
INFO 2026-08-23 15:02:40,389 views 939816 132096793555456 Stage 1: TCP socket connection PASSED
INFO 2026-08-23 15:02:40,390 views 939816 132096793555456 Stage 2: SSH handshake attempted
INFO 2026-08-23 15:02:41,256 views 939816 132096793555456 Stage 2 (SSH Handshake) & Stage 3 (Authentication) PASSED
INFO 2026-08-23 15:02:41,256 views 939816 132096793555456 Stage 4: SFTP subsystem attempted
INFO 2026-08-23 15:02:41,573 views 939816 132096793555456 Stage 4: SFTP subsystem PASSED
INFO 2026-08-23 15:02:42,304 views 939816 132096793555456 SFTP connection completed successfully
INFO 2026-08-23 15:02:42,304 views 939816 132096793555456 Connection cleanup started
INFO 2026-08-23 15:02:42,305 views 939816 132096793555456 Connection cleanup finished
INFO 2026-08-23 15:02:46,207 views 939816 132096793555456 SFTP connection started - Host: eu-central-1.sftpcloud.io, Port: 22, User: 94d203ecb95d4b57b5a28a4dc0584826
INFO 2026-08-23 15:02:46,208 views 939816 132096793555456 Stage 1: TCP connection attempted to eu-central-1.sftpcloud.io:22
INFO 2026-08-23 15:02:46,309 views 939816 132096793555456 Stage 1: TCP socket connection PASSED
INFO 2026-08-23 15:02:46,309 views 939816 132096793555456 Stage 2: SSH handshake attempted
WARNING 2026-08-23 15:02:47,150 views 939816 132096793555456 Stage 3: Authentication failed
INFO 2026-08-23 15:02:47,150 views 939816 132096793555456 Connection cleanup started
INFO 2026-08-23 15:02:47,151 views 939816 132096793555456 Connection cleanup finished
INFO 2026-08-23 15:05:08,514 views 939816 132096793555456 SFTP connection started - Host: eu-central-1.sftpcloud.io, Port: 22, User: 94d203ecb95d4b57b5a28a4dc0584826
INFO 2026-08-23 15:05:08,514 views 939816 132096793555456 Stage 1: TCP connection attempted to eu-central-1.sftpcloud.io:22
INFO 2026-08-23 15:05:08,633 views 939816 132096793555456 Stage 1: TCP socket connection PASSED
INFO 2026-08-23 15:05:08,633 views 939816 132096793555456 Stage 2: SSH handshake attempted
INFO 2026-08-23 15:05:09,492 views 939816 132096793555456 Stage 2 (SSH Handshake) & Stage 3 (Authentication) PASSED
INFO 2026-08-23 15:05:09,493 views 939816 132096793555456 Stage 4: SFTP subsystem attempted
INFO 2026-08-23 15:05:09,807 views 939816 132096793555456 Stage 4: SFTP subsystem PASSED
INFO 2026-08-23 15:05:10,557 views 939816 132096793555456 SFTP connection completed successfully
INFO 2026-08-23 15:05:10,557 views 939816 132096793555456 Connection cleanup started
INFO 2026-08-23 15:05:10,557 views 939816 132096793555456 Connection cleanup finished
INFO 2026-08-23 15:05:25,598 views 939816 132096793555456 SFTP connection started - Host: eu-central-1.sftpcloud.io, Port: 22, User: 94d203ecb95d4b57b5a28a4dc0584826
INFO 2026-08-23 15:05:25,599 views 939816 132096793555456 Stage 1: TCP connection attempted to eu-central-1.sftpcloud.io:22
INFO 2026-08-23 15:05:25,703 views 939816 132096793555456 Stage 1: TCP socket connection PASSED
INFO 2026-08-23 15:05:25,704 views 939816 132096793555456 Stage 2: SSH handshake attempted
INFO 2026-08-23 15:05:26,558 views 939816 132096793555456 Stage 2 (SSH Handshake) & Stage 3 (Authentication) PASSED
INFO 2026-08-23 15:05:26,558 views 939816 132096793555456 Stage 4: SFTP subsystem attempted
INFO 2026-08-23 15:05:26,869 views 939816 132096793555456 Stage 4: SFTP subsystem PASSED
INFO 2026-08-23 15:05:27,599 views 939816 132096793555456 SFTP connection completed successfully
INFO 2026-08-23 15:05:27,600 views 939816 132096793555456 Connection cleanup started
INFO 2026-08-23 15:05:27,600 views 939816 132096793555456 Connection cleanup finished
INFO 2026-08-23 15:06:22,761 views 939816 132096793555456 Auth success: User 'akshay.kumar@onesmarter.com' successfully logged in (2FA pending).
INFO 2026-08-23 15:07:29,102 views 939816 132096793555456 Auth success: User 'sahilasarkar29@gmail.com' successfully logged in (2FA pending).
INFO 2026-08-23 15:07:50,879 views 939816 132096793555456 Auth success: User 'sahilasarkar29@gmail.com' successfully logged in (2FA pending).
WARNING 2026-08-23 15:08:30,901 log 939816 132096793555456 Forbidden: /admin-panel/api/clients/ec18f56c-a99e-4d83-bf32-ac66b6d3c6b9/offboarding/state/
INFO 2026-08-23 15:08:53,252 views 939816 132096793555456 Auth success: User 'sahilasarkar29@gmail.com' successfully logged in (2FA pending).
INFO 2026-08-23 15:08:54,127 views 939816 132096793555456 Auth success: User 'sahilasarkar29@gmail.com' successfully logged in (2FA pending).
INFO 2026-08-23 15:09:25,004 views 939816 132096793555456 Auth success: User 'sahilasarkar29@gmail.com' successfully logged in (2FA pending).
INFO 2026-08-23 15:09:54,055 views 939816 132096793555456 Auth success: User 'sahilasarkar29@gmail.com' successfully logged in (2FA pending).
INFO 2026-08-23 15:11:16,714 views 939816 132096793555456 Auth success: User 'sahilasarkar29@gmail.com' successfully logged in (2FA pending).
WARNING 2026-08-23 15:12:14,031 views 939816 132096793555456 Auth failure: Staff user 'akshay.kumar@onesmarter.com' attempted standard login.
WARNING 2026-08-23 15:12:14,031 log 939816 132096793555456 Bad Request: /accounts/api/login/
INFO 2026-08-23 15:12:28,216 views 939816 132096793555456 Auth success: User 'sahilasarkar29@gmail.com' successfully logged in (2FA pending).
WARNING 2026-08-23 15:13:04,880 views 939816 132096793555456 Auth failure: Login failed for 'sahilasarakr29@gmail.com'. Errors: ['Invalid email or password.']
WARNING 2026-08-23 15:13:04,880 log 939816 132096793555456 Bad Request: /accounts/api/login/
INFO 2026-08-23 15:13:23,017 views 939816 132096793555456 Auth success: User 'sahilasarkar29@gmail.com' successfully logged in (2FA pending).
INFO 2026-08-23 15:13:26,671 views 939816 132096793555456 Auth success: User 'sahilasarkar29@gmail.com' successfully logged in (2FA pending).
INFO 2026-08-23 15:13:28,899 views 939816 132096793555456 Auth success: User 'sahilasarkar29@gmail.com' successfully logged in (2FA pending).
INFO 2026-08-23 15:13:30,747 views 939816 132096793555456 Auth success: User 'sahilasarkar29@gmail.com' successfully logged in (2FA pending).
INFO 2026-08-23 15:14:40,527 views 939816 132096793555456 Auth success: User 'sahilasarkar@gmail.com' successfully logged in (2FA pending).
INFO 2026-08-23 15:14:43,716 views 939816 132096793555456 Auth success: User 'sahilasarkar@gmail.com' successfully logged in (2FA pending).
INFO 2026-08-23 15:14:45,976 views 939816 132096793555456 Auth success: User 'sahilasarkar@gmail.com' successfully logged in (2FA pending).
INFO 2026-08-23 15:14:47,569 views 939816 132096793555456 Auth success: User 'sahilasarkar@gmail.com' successfully logged in (2FA pending).
INFO 2026-08-23 15:14:50,131 views 939816 132096793555456 Auth success: User 'sahilasarkar@gmail.com' successfully logged in (2FA pending).
INFO 2026-08-23 15:14:52,229 views 939816 132096793555456 Auth success: User 'sahilasarkar@gmail.com' successfully logged in (2FA pending).
INFO 2026-08-23 15:15:34,379 views 939816 132096793555456 Auth success: User 'sahilasarkar@gmail.com' successfully logged in (2FA pending).
WARNING 2026-08-23 15:16:10,567 log 939816 132096793555456 Bad Request: /admin-panel/api/clients/ec18f56c-a99e-4d83-bf32-ac66b6d3c6b9/golive/steps/1/upload/
WARNING 2026-08-23 15:17:13,692 log 939816 132096793555456 Not Found: /assets/index-1-bMJuCg.css
WARNING 2026-08-23 15:17:13,705 log 939816 132096793555456 Not Found: /assets/index-CBcz_Los.js
WARNING 2026-08-23 15:17:14,054 log 939816 132096793555456 Not Found: /favicon.svg
INFO 2026-08-23 15:18:14,669 views 939816 132096793555456 Auth success: User 'sahilasarkar@gmail.com' successfully logged in (2FA pending).
WARNING 2026-08-23 15:19:15,422 views 939816 132096793555456 Auth failure: Login failed for 'sahilasarakr@gmail.com'. Errors: ['Invalid email or password.']
WARNING 2026-08-23 15:19:15,423 log 939816 132096793555456 Bad Request: /accounts/api/login/
INFO 2026-08-23 15:19:27,365 views 939816 132096793555456 Auth success: User 'sahilasarkar@gmail.com' successfully logged in (2FA pending).
WARNING 2026-08-23 15:20:09,317 log 939816 132096793555456 Not Found: /favicon.svg
WARNING 2026-08-23 15:20:10,424 log 939816 132096793555456 Not Found: /favicon.svg
WARNING 2026-08-23 15:21:07,504 log 939816 132096793555456 Not Found: /favicon.ico
WARNING 2026-08-23 15:21:07,513 log 939816 132096793555456 Not Found: /favicon.svg
WARNING 2026-08-23 15:21:07,990 log 939816 132096793555456 Not Found: /favicon.ico
WARNING 2026-08-23 15:21:07,995 log 939816 132096793555456 Not Found: /favicon.svg
INFO 2026-08-23 15:22:26,417 views 939816 132096793555456 Auth success: User 'akshayagrawaljiwan@gmail.com' successfully logged in (2FA pending).
INFO 2026-08-23 15:22:37,615 views 939816 132096793555456 Auth success: User 'akshayagrawaljiwan@gmail.com' successfully logged in (2FA pending).
INFO 2026-08-23 15:33:22,633 views 939816 132096793555456 Auth success: User 'sahilasarkar@gmail.com' successfully logged in (2FA pending).
INFO 2026-08-23 15:33:36,390 views 939816 132096793555456 Auth success: User 'sahilasarkar@gmail.com' successfully logged in (2FA pending).
INFO 2026-08-23 15:34:38,721 views 939816 132096793555456 Auth success: User 'sahilasarkar@gmail.com' successfully logged in (2FA pending).
INFO 2026-08-23 15:46:27,401 views 939816 132096793555456 Auth success: User 'sahilasarkar29@gmail.com' successfully logged in (2FA pending).
INFO 2026-08-23 16:07:29,157 views 939816 132096793555456 Auth success: User 'sahilasarkar@gmail.com' successfully logged in (2FA pending).
INFO 2026-08-23 16:07:32,239 views 939816 132096793555456 Auth success: User 'sahilasarkar@gmail.com' successfully logged in (2FA pending).
INFO 2026-08-23 16:14:05,953 views 939816 132096793555456 Auth success: User 'sahilasarkar@gmail.com' successfully logged in (2FA pending).
WARNING 2026-08-23 16:14:15,783 views 939816 132096793555456 Auth failure: Login failed for 'sahilasarkar@gmail.com'. Errors: ['Invalid email or password.']
WARNING 2026-08-23 16:14:15,784 log 939816 132096793555456 Bad Request: /accounts/api/login/
INFO 2026-08-23 16:14:19,018 views 939816 132096793555456 Auth success: User 'sahilasarkar@gmail.com' successfully logged in (2FA pending).
INFO 2026-08-23 16:14:37,680 views 939816 132096793555456 Auth success: User 'sahilasarkar@gmail.com' successfully logged in (2FA pending).
WARNING 2026-08-23 16:19:57,174 views 939816 132096793555456 Auth failure: Login failed for 'YOUR_EMAIL'. Errors: ['Enter a valid email address.']
WARNING 2026-08-23 16:19:57,175 log 939816 132096793555456 Bad Request: /accounts/api/login/
INFO 2026-08-23 16:20:55,221 views 939816 132096793555456 Auth success: User 'sahilasarkar@gmail.com' successfully logged in (2FA pending).
WARNING 2026-08-23 16:22:57,691 log 939816 132096793555456 Method Not Allowed: /accounts/api/login/
WARNING 2026-08-23 16:22:58,024 log 939816 132096793555456 Not Found: /favicon.ico
INFO 2026-08-23 16:25:25,251 views 939816 132096793555456 Auth success: User 'sahilasarkar@gmail.com' successfully logged in (2FA pending).
INFO 2026-08-23 16:27:10,712 views 939816 132096793555456 Auth success: User 'sahilasarkar@gmail.com' successfully logged in (2FA pending).
INFO 2026-08-23 16:28:05,430 views 939816 132096793555456 Auth success: User 'sahilasarkar@gmail.com' successfully logged in (2FA pending).
WARNING 2026-08-23 16:47:56,938 views 939816 132096793555456 Auth failure: Login failed for ''. Errors: ['This field is required.', 'This field is required.']
WARNING 2026-08-23 16:47:56,939 log 939816 132096793555456 Bad Request: /accounts/api/login/
WARNING 2026-08-23 16:50:53,455 views 939816 132096793555456 Auth failure: Login failed for ''. Errors: ['This field is required.', 'This field is required.']
WARNING 2026-08-23 16:50:53,455 log 939816 132096793555456 Bad Request: /accounts/api/login/
WARNING 2026-08-23 16:55:10,143 views 939816 132096793555456 Auth failure: Login failed for ''. Errors: ['This field is required.', 'This field is required.']
WARNING 2026-08-23 16:55:10,143 log 939816 132096793555456 Bad Request: /accounts/api/login/
INFO 2026-08-23 16:57:47,283 views 939816 132096793555456 Auth success: User 'sahilasarkar@gmail.com' successfully logged in (2FA pending).
INFO 2026-08-23 17:01:54,140 views 939816 132096793555456 Auth success: User 'sahilasarkar@gmail.com' successfully logged in (2FA pending).
INFO 2026-08-23 17:02:15,965 views 939816 132096793555456 Auth success: User 'sahilasarkar@gmail.com' successfully logged in (2FA pending).
INFO 2026-08-23 17:05:49,617 views 939816 132096793555456 Auth success: User 'sahilasarkar@gmail.com' successfully logged in (2FA pending).
INFO 2026-08-23 17:07:06,365 views 939816 132096793555456 Auth success: User 'sahilasarkar@gmail.com' successfully logged in (2FA pending).
INFO 2026-08-23 17:10:10,427 views 939816 132096793555456 Auth success: User 'sahilasarkar@gmail.com' successfully logged in (2FA pending).
INFO 2026-08-23 17:22:33,677 views 939816 132096793555456 Auth success: User 'sahilasarkar@gmail.com' successfully logged in (2FA pending).
INFO 2026-08-23 17:25:17,911 views 939816 132096793555456 Auth success: User 'akshay.kumar@onesmarter.com' successfully logged in (2FA pending).
INFO 2026-08-23 17:28:04,561 views 939816 132096793555456 Auth success: User 'sahilasarkar@gmail.com' successfully logged in (2FA pending).
INFO 2026-08-23 17:28:45,798 views 939816 132096793555456 Auth success: User 'sahilasarkar@gmail.com' successfully logged in (2FA pending).
INFO 2026-08-23 17:29:03,417 views 939816 132096793555456 Auth success: User 'sahilasarkar@gmail.com' successfully logged in (2FA pending).
INFO 2026-08-23 17:31:08,941 views 939816 132096793555456 Auth success: User 'sahilasarkar@gmail.com' successfully logged in (2FA pending).
INFO 2026-08-23 17:38:40,953 views 939816 132096793555456 Auth success: User 'sahilasarkar@gmail.com' successfully logged in (2FA pending).
INFO 2026-08-23 17:54:31,181 views 939816 132096793555456 Auth success: User 'akshayagrawaljiwan@gmail.com' successfully logged in (2FA pending).
INFO 2026-08-23 18:15:05,527 views 939816 132096793555456 Auth success: User 'sahilasarkar@gmail.com' successfully logged in (2FA pending).
INFO 2026-08-23 18:19:10,780 views 939816 132096793555456 Auth success: User 'sahilasarkar29@gmail.com' successfully logged in (2FA pending).
INFO 2026-08-23 18:20:13,385 views 939816 132096793555456 Auth success: User 'akshayagrawaljiwan@gmail.com' successfully logged in (2FA pending).
INFO 2026-08-23 18:20:24,444 views 939816 132096793555456 Auth success: User 'akshayagrawaljiwan@gmail.com' successfully logged in (2FA pending).
WARNING 2026-08-23 18:20:47,144 log 939816 132096793555456 Forbidden: /admin-panel/api/clients/
WARNING 2026-08-23 18:20:47,440 log 939816 132096793555456 Forbidden: /admin-panel/api/clients/ec18f56c-a99e-4d83-bf32-ac66b6d3c6b9/state/
INFO 2026-08-23 18:21:25,096 views 939816 132096793555456 Auth success: User 'akshayagrawaljiwan@gmail.com' successfully logged in (2FA pending).
WARNING 2026-08-23 18:21:47,131 log 939816 132096793555456 Forbidden: /admin-panel/api/clients/ec18f56c-a99e-4d83-bf32-ac66b6d3c6b9/state/
WARNING 2026-08-23 18:21:47,138 log 939816 132096793555456 Forbidden: /admin-panel/api/clients/
WARNING 2026-08-23 18:22:00,562 log 939816 132096793555456 Bad Request: /accounts/api/totp/setup/
WARNING 2026-08-23 18:22:47,131 log 939816 132096793555456 Forbidden: /admin-panel/api/clients/
WARNING 2026-08-23 18:22:47,134 log 939816 132096793555456 Forbidden: /admin-panel/api/clients/ec18f56c-a99e-4d83-bf32-ac66b6d3c6b9/state/
WARNING 2026-08-23 18:23:47,130 log 939816 132096793555456 Forbidden: /admin-panel/api/clients/
WARNING 2026-08-23 18:23:47,135 log 939816 132096793555456 Forbidden: /admin-panel/api/clients/ec18f56c-a99e-4d83-bf32-ac66b6d3c6b9/state/
ERROR 2026-08-23 18:23:53,313 services 939816 132096793555456 upload_mir_to_sftp failed to upload CLM_PAYP_20260813_070605.mir: Authentication failed.
Traceback (most recent call last):
  File "/var/www/835_to_MIR_backend/edi835/services.py", line 87, in upload_mir_to_sftp
    ssh.connect(
    ~~~~~~~~~~~^
        hostname=out_host,
        ^^^^^^^^^^^^^^^^^^
    ...<8 lines>...
        allow_agent=False,
        ^^^^^^^^^^^^^^^^^^
    )
    ^
  File "/var/www/835_to_MIR_backend/venv/lib/python3.14/site-packages/paramiko/client.py", line 477, in connect
    self._auth(
    ~~~~~~~~~~^
        username,
        ^^^^^^^^^
    ...<5 lines>...
        passphrase,
        ^^^^^^^^^^^
    )
    ^
  File "/var/www/835_to_MIR_backend/venv/lib/python3.14/site-packages/paramiko/client.py", line 779, in _auth
    raise saved_exception
  File "/var/www/835_to_MIR_backend/venv/lib/python3.14/site-packages/paramiko/client.py", line 766, in _auth
    self._transport.auth_password(username, password)
    ~~~~~~~~~~~~~~~~~~~~~~~~~~~~~^^^^^^^^^^^^^^^^^^^^
  File "/var/www/835_to_MIR_backend/venv/lib/python3.14/site-packages/paramiko/transport.py", line 1529, in auth_password
    return self.auth_handler.wait_for_response(my_event)
           ~~~~~~~~~~~~~~~~~~~~~~~~~~~~~~~~~~~^^^^^^^^^^
  File "/var/www/835_to_MIR_backend/venv/lib/python3.14/site-packages/paramiko/auth_handler.py", line 227, in wait_for_response
    raise e
paramiko.ssh_exception.AuthenticationException: Authentication failed.
WARNING 2026-08-23 18:24:47,118 log 939816 132096793555456 Forbidden: /admin-panel/api/clients/ec18f56c-a99e-4d83-bf32-ac66b6d3c6b9/state/
WARNING 2026-08-23 18:24:47,122 log 939816 132096793555456 Forbidden: /admin-panel/api/clients/
WARNING 2026-08-23 18:25:47,108 log 939816 132096793555456 Forbidden: /admin-panel/api/clients/
WARNING 2026-08-23 18:25:47,113 log 939816 132096793555456 Forbidden: /admin-panel/api/clients/ec18f56c-a99e-4d83-bf32-ac66b6d3c6b9/state/
INFO 2026-08-23 18:26:33,958 views 939816 132096793555456 SFTP connection started - Host: eu-central-1.sftpcloud.io, Port: 22, User: 29fdcac7bd694740b9f30112e5ee6373
INFO 2026-08-23 18:26:33,958 views 939816 132096793555456 Stage 1: TCP connection attempted to eu-central-1.sftpcloud.io:22
INFO 2026-08-23 18:26:34,064 views 939816 132096793555456 Stage 1: TCP socket connection PASSED
INFO 2026-08-23 18:26:34,064 views 939816 132096793555456 Stage 2: SSH handshake attempted
INFO 2026-08-23 18:26:34,978 views 939816 132096793555456 Stage 2 (SSH Handshake) & Stage 3 (Authentication) PASSED
INFO 2026-08-23 18:26:34,978 views 939816 132096793555456 Stage 4: SFTP subsystem attempted
INFO 2026-08-23 18:26:35,314 views 939816 132096793555456 Stage 4: SFTP subsystem PASSED
INFO 2026-08-23 18:26:36,264 views 939816 132096793555456 SFTP connection completed successfully
INFO 2026-08-23 18:26:36,264 views 939816 132096793555456 Connection cleanup started
INFO 2026-08-23 18:26:36,264 views 939816 132096793555456 Connection cleanup finished
INFO 2026-08-23 18:26:38,575 views 939816 132096793555456 SFTP connection started - Host: eu-central-1.sftpcloud.io, Port: 22, User: 29fdcac7bd694740b9f30112e5ee6373
INFO 2026-08-23 18:26:38,575 views 939816 132096793555456 Stage 1: TCP connection attempted to eu-central-1.sftpcloud.io:22
INFO 2026-08-23 18:26:38,676 views 939816 132096793555456 Stage 1: TCP socket connection PASSED
INFO 2026-08-23 18:26:38,676 views 939816 132096793555456 Stage 2: SSH handshake attempted
INFO 2026-08-23 18:26:39,606 views 939816 132096793555456 Stage 2 (SSH Handshake) & Stage 3 (Authentication) PASSED
INFO 2026-08-23 18:26:39,607 views 939816 132096793555456 Stage 4: SFTP subsystem attempted
INFO 2026-08-23 18:26:39,909 views 939816 132096793555456 Stage 4: SFTP subsystem PASSED
INFO 2026-08-23 18:26:40,678 views 939816 132096793555456 SFTP connection completed successfully
INFO 2026-08-23 18:26:40,678 views 939816 132096793555456 Connection cleanup started
INFO 2026-08-23 18:26:40,678 views 939816 132096793555456 Connection cleanup finished
WARNING 2026-08-23 18:26:48,707 log 939816 132096793555456 Bad Request: /edi835/api/sftp/browse/
WARNING 2026-08-23 18:26:48,776 log 939816 132096793555456 Forbidden: /admin-panel/api/clients/ec18f56c-a99e-4d83-bf32-ac66b6d3c6b9/state/
WARNING 2026-08-23 18:26:48,779 log 939816 132096793555456 Forbidden: /admin-panel/api/clients/
WARNING 2026-08-23 18:27:42,960 log 939816 132096793555456 Bad Request: /edi835/api/sftp/browse/
WARNING 2026-08-23 18:27:47,127 log 939816 132096793555456 Forbidden: /admin-panel/api/clients/
WARNING 2026-08-23 18:27:47,131 log 939816 132096793555456 Forbidden: /admin-panel/api/clients/ec18f56c-a99e-4d83-bf32-ac66b6d3c6b9/state/
INFO 2026-08-23 18:27:54,034 views 939816 132096793555456 SFTP connection started - Host: eu-central-1.sftpcloud.io, Port: 22, User: 29fdcac7bd694740b9f30112e5ee6373
INFO 2026-08-23 18:27:54,034 views 939816 132096793555456 Stage 1: TCP connection attempted to eu-central-1.sftpcloud.io:22
INFO 2026-08-23 18:27:54,142 views 939816 132096793555456 Stage 1: TCP socket connection PASSED
INFO 2026-08-23 18:27:54,142 views 939816 132096793555456 Stage 2: SSH handshake attempted
WARNING 2026-08-23 18:27:54,602 views 939816 132096793555456 Stage 2: SSH Handshake failed: Server 'eu-central-1.sftpcloud.io' not found in known_hosts
INFO 2026-08-23 18:27:54,602 views 939816 132096793555456 Connection cleanup started
INFO 2026-08-23 18:27:54,602 views 939816 132096793555456 Connection cleanup finished
INFO 2026-08-23 18:27:56,903 views 939816 132096793555456 SFTP connection started - Host: eu-central-1.sftpcloud.io, Port: 22, User: 29fdcac7bd694740b9f30112e5ee6373
INFO 2026-08-23 18:27:56,903 views 939816 132096793555456 Stage 1: TCP connection attempted to eu-central-1.sftpcloud.io:22
INFO 2026-08-23 18:27:57,008 views 939816 132096793555456 Stage 1: TCP socket connection PASSED
INFO 2026-08-23 18:27:57,008 views 939816 132096793555456 Stage 2: SSH handshake attempted
WARNING 2026-08-23 18:27:57,468 views 939816 132096793555456 Stage 2: SSH Handshake failed: Server 'eu-central-1.sftpcloud.io' not found in known_hosts
INFO 2026-08-23 18:27:57,469 views 939816 132096793555456 Connection cleanup started
INFO 2026-08-23 18:27:57,469 views 939816 132096793555456 Connection cleanup finished
WARNING 2026-08-23 18:28:09,731 log 939816 132096793555456 Bad Request: /edi835/api/sftp/browse/
WARNING 2026-08-23 18:28:17,774 log 939816 132096793555456 Bad Request: /edi835/api/sftp/browse/
INFO 2026-08-23 18:28:26,036 views 939816 132096793555456 SFTP connection started - Host: eu-central-1.sftpcloud.io, Port: 22, User: 29fdcac7bd694740b9f30112e5ee6373
INFO 2026-08-23 18:28:26,037 views 939816 132096793555456 Stage 1: TCP connection attempted to eu-central-1.sftpcloud.io:22
INFO 2026-08-23 18:28:26,143 views 939816 132096793555456 Stage 1: TCP socket connection PASSED
INFO 2026-08-23 18:28:26,143 views 939816 132096793555456 Stage 2: SSH handshake attempted
INFO 2026-08-23 18:28:27,063 views 939816 132096793555456 Stage 2 (SSH Handshake) & Stage 3 (Authentication) PASSED
INFO 2026-08-23 18:28:27,063 views 939816 132096793555456 Stage 4: SFTP subsystem attempted
INFO 2026-08-23 18:28:27,382 views 939816 132096793555456 Stage 4: SFTP subsystem PASSED
INFO 2026-08-23 18:28:28,102 views 939816 132096793555456 SFTP connection completed successfully
INFO 2026-08-23 18:28:28,102 views 939816 132096793555456 Connection cleanup started
INFO 2026-08-23 18:28:28,102 views 939816 132096793555456 Connection cleanup finished
INFO 2026-08-23 18:28:29,886 views 939816 132096793555456 SFTP connection started - Host: eu-central-1.sftpcloud.io, Port: 22, User: 29fdcac7bd694740b9f30112e5ee6373
INFO 2026-08-23 18:28:29,886 views 939816 132096793555456 Stage 1: TCP connection attempted to eu-central-1.sftpcloud.io:22
INFO 2026-08-23 18:28:29,990 views 939816 132096793555456 Stage 1: TCP socket connection PASSED
INFO 2026-08-23 18:28:29,990 views 939816 132096793555456 Stage 2: SSH handshake attempted
INFO 2026-08-23 18:28:30,982 views 939816 132096793555456 Stage 2 (SSH Handshake) & Stage 3 (Authentication) PASSED
INFO 2026-08-23 18:28:30,982 views 939816 132096793555456 Stage 4: SFTP subsystem attempted
INFO 2026-08-23 18:28:31,296 views 939816 132096793555456 Stage 4: SFTP subsystem PASSED
INFO 2026-08-23 18:28:32,045 views 939816 132096793555456 SFTP connection completed successfully
INFO 2026-08-23 18:28:32,045 views 939816 132096793555456 Connection cleanup started
INFO 2026-08-23 18:28:32,046 views 939816 132096793555456 Connection cleanup finished
INFO 2026-08-23 18:28:40,009 views 939816 132096793555456 SFTP connection started - Host: eu-central-1.sftpcloud.io, Port: 22, User: 29fdcac7bd694740b9f30112e5ee6373
INFO 2026-08-23 18:28:40,009 views 939816 132096793555456 Stage 1: TCP connection attempted to eu-central-1.sftpcloud.io:22
INFO 2026-08-23 18:28:40,116 views 939816 132096793555456 Stage 1: TCP socket connection PASSED
INFO 2026-08-23 18:28:40,116 views 939816 132096793555456 Stage 2: SSH handshake attempted
INFO 2026-08-23 18:28:41,065 views 939816 132096793555456 Stage 2 (SSH Handshake) & Stage 3 (Authentication) PASSED
INFO 2026-08-23 18:28:41,066 views 939816 132096793555456 Stage 4: SFTP subsystem attempted
INFO 2026-08-23 18:28:41,379 views 939816 132096793555456 Stage 4: SFTP subsystem PASSED
INFO 2026-08-23 18:28:43,003 views 939816 132096793555456 SFTP connection completed successfully
INFO 2026-08-23 18:28:43,004 views 939816 132096793555456 Connection cleanup started
INFO 2026-08-23 18:28:43,004 views 939816 132096793555456 Connection cleanup finished
INFO 2026-08-23 18:28:44,901 views 939816 132096793555456 SFTP connection started - Host: eu-central-1.sftpcloud.io, Port: 22, User: 29fdcac7bd694740b9f30112e5ee6373
INFO 2026-08-23 18:28:44,901 views 939816 132096793555456 Stage 1: TCP connection attempted to eu-central-1.sftpcloud.io:22
INFO 2026-08-23 18:28:45,006 views 939816 132096793555456 Stage 1: TCP socket connection PASSED
INFO 2026-08-23 18:28:45,007 views 939816 132096793555456 Stage 2: SSH handshake attempted
INFO 2026-08-23 18:28:45,942 views 939816 132096793555456 Stage 2 (SSH Handshake) & Stage 3 (Authentication) PASSED
INFO 2026-08-23 18:28:45,943 views 939816 132096793555456 Stage 4: SFTP subsystem attempted
INFO 2026-08-23 18:28:46,264 views 939816 132096793555456 Stage 4: SFTP subsystem PASSED
INFO 2026-08-23 18:28:47,761 views 939816 132096793555456 SFTP connection completed successfully
INFO 2026-08-23 18:28:47,761 views 939816 132096793555456 Connection cleanup started
INFO 2026-08-23 18:28:47,762 views 939816 132096793555456 Connection cleanup finished
WARNING 2026-08-23 18:28:55,791 log 939816 132096793555456 Bad Request: /edi835/api/sftp/browse/
WARNING 2026-08-23 18:28:55,838 log 939816 132096793555456 Forbidden: /admin-panel/api/clients/
WARNING 2026-08-23 18:28:55,841 log 939816 132096793555456 Forbidden: /admin-panel/api/clients/ec18f56c-a99e-4d83-bf32-ac66b6d3c6b9/state/
WARNING 2026-08-23 18:29:07,683 log 939816 132096793555456 Bad Request: /edi835/api/sftp/browse/
WARNING 2026-08-23 18:29:47,133 log 939816 132096793555456 Forbidden: /admin-panel/api/clients/ec18f56c-a99e-4d83-bf32-ac66b6d3c6b9/state/
WARNING 2026-08-23 18:29:47,136 log 939816 132096793555456 Forbidden: /admin-panel/api/clients/
WARNING 2026-08-23 18:30:47,101 log 939816 132096793555456 Forbidden: /admin-panel/api/clients/
WARNING 2026-08-23 18:30:47,104 log 939816 132096793555456 Forbidden: /admin-panel/api/clients/ec18f56c-a99e-4d83-bf32-ac66b6d3c6b9/state/
WARNING 2026-08-23 18:31:47,098 log 939816 132096793555456 Forbidden: /admin-panel/api/clients/
WARNING 2026-08-23 18:31:47,102 log 939816 132096793555456 Forbidden: /admin-panel/api/clients/ec18f56c-a99e-4d83-bf32-ac66b6d3c6b9/state/
WARNING 2026-08-23 18:32:24,465 services 939816 132096793555456 upload_mir_to_sftp: Missing host, username, or outbound_mir_folder.
WARNING 2026-08-23 18:32:47,109 log 939816 132096793555456 Forbidden: /admin-panel/api/clients/
WARNING 2026-08-23 18:32:47,116 log 939816 132096793555456 Forbidden: /admin-panel/api/clients/ec18f56c-a99e-4d83-bf32-ac66b6d3c6b9/state/
WARNING 2026-08-23 18:33:47,140 log 939816 132096793555456 Forbidden: /admin-panel/api/clients/ec18f56c-a99e-4d83-bf32-ac66b6d3c6b9/state/
WARNING 2026-08-23 18:33:47,143 log 939816 132096793555456 Forbidden: /admin-panel/api/clients/
WARNING 2026-08-23 18:34:47,135 log 939816 132096793555456 Forbidden: /admin-panel/api/clients/ec18f56c-a99e-4d83-bf32-ac66b6d3c6b9/state/
WARNING 2026-08-23 18:34:47,138 log 939816 132096793555456 Forbidden: /admin-panel/api/clients/
ERROR 2026-08-23 18:35:40,938 log 939816 132096793555456 Internal Server Error: /api/start-batch-conversion/
Traceback (most recent call last):
  File "/var/www/835_to_MIR_backend/venv/lib/python3.14/site-packages/django/core/handlers/exception.py", line 56, in inner
    response = get_response(request)
  File "/var/www/835_to_MIR_backend/venv/lib/python3.14/site-packages/django/core/handlers/base.py", line 199, in _get_response
    response = wrapped_callback(request, *callback_args, **callback_kwargs)
  File "/var/www/835_to_MIR_backend/venv/lib/python3.14/site-packages/django/views/decorators/csrf.py", line 64, in _view_wrapper
    return view_func(request, *args, **kwargs)
  File "/var/www/835_to_MIR_backend/edi835/views.py", line 1342, in api_start_batch_conversion
    sftp_filenames = {item["filename"] for item in sftp_batch_items}
                                                   ^^^^^^^^^^^^^^^^
UnboundLocalError: cannot access local variable 'sftp_batch_items' where it is not associated with a value
WARNING 2026-08-23 18:35:47,108 log 939816 132096793555456 Forbidden: /admin-panel/api/clients/
WARNING 2026-08-23 18:35:47,111 log 939816 132096793555456 Forbidden: /admin-panel/api/clients/ec18f56c-a99e-4d83-bf32-ac66b6d3c6b9/state/
WARNING 2026-08-23 18:35:50,517 log 939816 132096793555456 Bad Request: /edi835/api/sftp/push/
WARNING 2026-08-23 18:35:50,706 log 939816 132096793555456 Bad Request: /edi835/api/sftp/push/
INFO 2026-08-23 18:36:33,512 views 939816 132096793555456 SFTP connection started - Host: eu-central-1.sftpcloud.io, Port: 22, User: 29fdcac7bd694740b9f30112e5ee6373
INFO 2026-08-23 18:36:33,512 views 939816 132096793555456 Stage 1: TCP connection attempted to eu-central-1.sftpcloud.io:22
INFO 2026-08-23 18:36:33,620 views 939816 132096793555456 Stage 1: TCP socket connection PASSED
INFO 2026-08-23 18:36:33,620 views 939816 132096793555456 Stage 2: SSH handshake attempted
INFO 2026-08-23 18:36:34,595 views 939816 132096793555456 Stage 2 (SSH Handshake) & Stage 3 (Authentication) PASSED
INFO 2026-08-23 18:36:34,595 views 939816 132096793555456 Stage 4: SFTP subsystem attempted
INFO 2026-08-23 18:36:34,923 views 939816 132096793555456 Stage 4: SFTP subsystem PASSED
INFO 2026-08-23 18:36:35,704 views 939816 132096793555456 SFTP connection completed successfully
INFO 2026-08-23 18:36:35,704 views 939816 132096793555456 Connection cleanup started
INFO 2026-08-23 18:36:35,704 views 939816 132096793555456 Connection cleanup finished
INFO 2026-08-23 18:36:37,608 views 939816 132096793555456 SFTP connection started - Host: eu-central-1.sftpcloud.io, Port: 22, User: 29fdcac7bd694740b9f30112e5ee6373
INFO 2026-08-23 18:36:37,608 views 939816 132096793555456 Stage 1: TCP connection attempted to eu-central-1.sftpcloud.io:22
INFO 2026-08-23 18:36:37,710 views 939816 132096793555456 Stage 1: TCP socket connection PASSED
INFO 2026-08-23 18:36:37,710 views 939816 132096793555456 Stage 2: SSH handshake attempted
INFO 2026-08-23 18:36:38,557 views 939816 132096793555456 Stage 2 (SSH Handshake) & Stage 3 (Authentication) PASSED
INFO 2026-08-23 18:36:38,558 views 939816 132096793555456 Stage 4: SFTP subsystem attempted
INFO 2026-08-23 18:36:38,868 views 939816 132096793555456 Stage 4: SFTP subsystem PASSED
INFO 2026-08-23 18:36:39,585 views 939816 132096793555456 SFTP connection completed successfully
INFO 2026-08-23 18:36:39,585 views 939816 132096793555456 Connection cleanup started
INFO 2026-08-23 18:36:39,586 views 939816 132096793555456 Connection cleanup finished
WARNING 2026-08-23 18:36:47,085 log 939816 132096793555456 Forbidden: /admin-panel/api/clients/ec18f56c-a99e-4d83-bf32-ac66b6d3c6b9/state/
WARNING 2026-08-23 18:36:47,089 log 939816 132096793555456 Forbidden: /admin-panel/api/clients/
INFO 2026-08-23 18:37:06,169 views 939816 132096793555456 SFTP connection started - Host: eu-central-1.sftpcloud.io, Port: 22, User: 29fdcac7bd694740b9f30112e5ee6373
INFO 2026-08-23 18:37:06,170 views 939816 132096793555456 Stage 1: TCP connection attempted to eu-central-1.sftpcloud.io:22
INFO 2026-08-23 18:37:06,274 views 939816 132096793555456 Stage 1: TCP socket connection PASSED
INFO 2026-08-23 18:37:06,274 views 939816 132096793555456 Stage 2: SSH handshake attempted
INFO 2026-08-23 18:37:07,199 views 939816 132096793555456 Stage 2 (SSH Handshake) & Stage 3 (Authentication) PASSED
INFO 2026-08-23 18:37:07,199 views 939816 132096793555456 Stage 4: SFTP subsystem attempted
INFO 2026-08-23 18:37:07,510 views 939816 132096793555456 Stage 4: SFTP subsystem PASSED
INFO 2026-08-23 18:37:08,344 views 939816 132096793555456 SFTP connection completed successfully
INFO 2026-08-23 18:37:08,344 views 939816 132096793555456 Connection cleanup started
INFO 2026-08-23 18:37:08,344 views 939816 132096793555456 Connection cleanup finished
INFO 2026-08-23 18:37:10,275 views 939816 132096793555456 SFTP connection started - Host: eu-central-1.sftpcloud.io, Port: 22, User: 29fdcac7bd694740b9f30112e5ee6373
INFO 2026-08-23 18:37:10,276 views 939816 132096793555456 Stage 1: TCP connection attempted to eu-central-1.sftpcloud.io:22
INFO 2026-08-23 18:37:10,381 views 939816 132096793555456 Stage 1: TCP socket connection PASSED
INFO 2026-08-23 18:37:10,381 views 939816 132096793555456 Stage 2: SSH handshake attempted
INFO 2026-08-23 18:37:11,206 views 939816 132096793555456 Stage 2 (SSH Handshake) & Stage 3 (Authentication) PASSED
INFO 2026-08-23 18:37:11,206 views 939816 132096793555456 Stage 4: SFTP subsystem attempted
INFO 2026-08-23 18:37:11,522 views 939816 132096793555456 Stage 4: SFTP subsystem PASSED
INFO 2026-08-23 18:37:12,249 views 939816 132096793555456 SFTP connection completed successfully
INFO 2026-08-23 18:37:12,250 views 939816 132096793555456 Connection cleanup started
INFO 2026-08-23 18:37:12,250 views 939816 132096793555456 Connection cleanup finished
WARNING 2026-08-23 18:37:44,836 log 939816 132096793555456 Forbidden: /admin-panel/api/clients/
WARNING 2026-08-23 18:37:44,842 log 939816 132096793555456 Forbidden: /admin-panel/api/clients/ec18f56c-a99e-4d83-bf32-ac66b6d3c6b9/state/
WARNING 2026-08-23 18:37:45,149 log 939816 132096793555456 Forbidden: /admin-panel/api/clients/
WARNING 2026-08-23 18:37:45,157 log 939816 132096793555456 Forbidden: /admin-panel/api/clients/ec18f56c-a99e-4d83-bf32-ac66b6d3c6b9/state/
WARNING 2026-08-23 18:37:45,472 log 939816 132096793555456 Forbidden: /admin-panel/api/clients/
WARNING 2026-08-23 18:37:45,493 log 939816 132096793555456 Forbidden: /admin-panel/api/clients/ec18f56c-a99e-4d83-bf32-ac66b6d3c6b9/state/
WARNING 2026-08-23 18:37:48,025 log 939816 132096793555456 Forbidden: /admin-panel/api/clients/ec18f56c-a99e-4d83-bf32-ac66b6d3c6b9/state/
WARNING 2026-08-23 18:37:48,037 log 939816 132096793555456 Forbidden: /admin-panel/api/clients/
WARNING 2026-08-23 18:37:51,016 log 939816 132096793555456 Forbidden: /admin-panel/api/clients/
WARNING 2026-08-23 18:37:51,020 log 939816 132096793555456 Forbidden: /admin-panel/api/clients/ec18f56c-a99e-4d83-bf32-ac66b6d3c6b9/state/
WARNING 2026-08-23 18:37:54,024 log 939816 132096793555456 Forbidden: /admin-panel/api/clients/
WARNING 2026-08-23 18:37:54,027 log 939816 132096793555456 Forbidden: /admin-panel/api/clients/ec18f56c-a99e-4d83-bf32-ac66b6d3c6b9/state/
WARNING 2026-08-23 18:37:57,121 log 939816 132096793555456 Forbidden: /admin-panel/api/clients/
WARNING 2026-08-23 18:37:57,124 log 939816 132096793555456 Forbidden: /admin-panel/api/clients/ec18f56c-a99e-4d83-bf32-ac66b6d3c6b9/state/
WARNING 2026-08-23 18:38:00,190 log 939816 132096793555456 Forbidden: /admin-panel/api/clients/
WARNING 2026-08-23 18:38:00,214 log 939816 132096793555456 Forbidden: /admin-panel/api/clients/ec18f56c-a99e-4d83-bf32-ac66b6d3c6b9/state/
WARNING 2026-08-23 18:38:03,177 log 939816 132096793555456 Forbidden: /admin-panel/api/clients/ec18f56c-a99e-4d83-bf32-ac66b6d3c6b9/state/
WARNING 2026-08-23 18:38:03,190 log 939816 132096793555456 Forbidden: /admin-panel/api/clients/
WARNING 2026-08-23 18:38:06,149 log 939816 132096793555456 Forbidden: /admin-panel/api/clients/
WARNING 2026-08-23 18:38:06,154 log 939816 132096793555456 Forbidden: /admin-panel/api/clients/ec18f56c-a99e-4d83-bf32-ac66b6d3c6b9/state/
WARNING 2026-08-23 18:38:09,127 log 939816 132096793555456 Forbidden: /admin-panel/api/clients/
WARNING 2026-08-23 18:38:09,130 log 939816 132096793555456 Forbidden: /admin-panel/api/clients/ec18f56c-a99e-4d83-bf32-ac66b6d3c6b9/state/
WARNING 2026-08-23 18:38:12,126 log 939816 132096793555456 Forbidden: /admin-panel/api/clients/
WARNING 2026-08-23 18:38:12,129 log 939816 132096793555456 Forbidden: /admin-panel/api/clients/ec18f56c-a99e-4d83-bf32-ac66b6d3c6b9/state/
WARNING 2026-08-23 18:38:15,412 log 939816 132096793555456 Forbidden: /admin-panel/api/clients/
WARNING 2026-08-23 18:38:15,415 log 939816 132096793555456 Forbidden: /admin-panel/api/clients/ec18f56c-a99e-4d83-bf32-ac66b6d3c6b9/state/
WARNING 2026-08-23 18:38:18,123 log 939816 132096793555456 Forbidden: /admin-panel/api/clients/
WARNING 2026-08-23 18:38:18,127 log 939816 132096793555456 Forbidden: /admin-panel/api/clients/ec18f56c-a99e-4d83-bf32-ac66b6d3c6b9/state/
WARNING 2026-08-23 18:38:21,131 log 939816 132096793555456 Forbidden: /admin-panel/api/clients/
WARNING 2026-08-23 18:38:21,135 log 939816 132096793555456 Forbidden: /admin-panel/api/clients/ec18f56c-a99e-4d83-bf32-ac66b6d3c6b9/state/
WARNING 2026-08-23 18:38:24,135 log 939816 132096793555456 Forbidden: /admin-panel/api/clients/ec18f56c-a99e-4d83-bf32-ac66b6d3c6b9/state/
WARNING 2026-08-23 18:38:24,138 log 939816 132096793555456 Forbidden: /admin-panel/api/clients/
WARNING 2026-08-23 18:38:27,121 log 939816 132096793555456 Forbidden: /admin-panel/api/clients/
WARNING 2026-08-23 18:38:27,125 log 939816 132096793555456 Forbidden: /admin-panel/api/clients/ec18f56c-a99e-4d83-bf32-ac66b6d3c6b9/state/
WARNING 2026-08-23 18:38:30,155 log 939816 132096793555456 Forbidden: /admin-panel/api/clients/
WARNING 2026-08-23 18:38:30,160 log 939816 132096793555456 Forbidden: /admin-panel/api/clients/ec18f56c-a99e-4d83-bf32-ac66b6d3c6b9/state/
WARNING 2026-08-23 18:38:32,906 log 939816 132096793555456 Forbidden: /admin-panel/api/clients/
WARNING 2026-08-23 18:38:32,910 log 939816 132096793555456 Forbidden: /admin-panel/api/clients/ec18f56c-a99e-4d83-bf32-ac66b6d3c6b9/state/
WARNING 2026-08-23 18:38:33,201 log 939816 132096793555456 Forbidden: /admin-panel/api/clients/
WARNING 2026-08-23 18:38:33,231 log 939816 132096793555456 Forbidden: /admin-panel/api/clients/ec18f56c-a99e-4d83-bf32-ac66b6d3c6b9/state/
WARNING 2026-08-23 18:38:36,021 log 939816 132096793555456 Forbidden: /admin-panel/api/clients/ec18f56c-a99e-4d83-bf32-ac66b6d3c6b9/state/
WARNING 2026-08-23 18:38:36,028 log 939816 132096793555456 Forbidden: /admin-panel/api/clients/
WARNING 2026-08-23 18:38:37,192 log 939816 132096793555456 Forbidden: /admin-panel/api/clients/ec18f56c-a99e-4d83-bf32-ac66b6d3c6b9/state/
WARNING 2026-08-23 18:38:37,196 log 939816 132096793555456 Forbidden: /admin-panel/api/clients/
WARNING 2026-08-23 18:38:39,016 log 939816 132096793555456 Forbidden: /admin-panel/api/clients/
WARNING 2026-08-23 18:38:39,020 log 939816 132096793555456 Forbidden: /admin-panel/api/clients/ec18f56c-a99e-4d83-bf32-ac66b6d3c6b9/state/
WARNING 2026-08-23 18:38:42,129 log 939816 132096793555456 Forbidden: /admin-panel/api/clients/ec18f56c-a99e-4d83-bf32-ac66b6d3c6b9/state/
WARNING 2026-08-23 18:38:42,134 log 939816 132096793555456 Forbidden: /admin-panel/api/clients/
WARNING 2026-08-23 18:38:45,107 log 939816 132096793555456 Forbidden: /admin-panel/api/clients/
WARNING 2026-08-23 18:38:45,141 log 939816 132096793555456 Forbidden: /admin-panel/api/clients/ec18f56c-a99e-4d83-bf32-ac66b6d3c6b9/state/
WARNING 2026-08-23 18:38:48,115 log 939816 132096793555456 Forbidden: /admin-panel/api/clients/
WARNING 2026-08-23 18:38:48,131 log 939816 132096793555456 Forbidden: /admin-panel/api/clients/ec18f56c-a99e-4d83-bf32-ac66b6d3c6b9/state/
WARNING 2026-08-23 18:38:51,186 log 939816 132096793555456 Forbidden: /admin-panel/api/clients/
WARNING 2026-08-23 18:38:51,193 log 939816 132096793555456 Forbidden: /admin-panel/api/clients/ec18f56c-a99e-4d83-bf32-ac66b6d3c6b9/state/
WARNING 2026-08-23 18:38:54,089 log 939816 132096793555456 Forbidden: /admin-panel/api/clients/ec18f56c-a99e-4d83-bf32-ac66b6d3c6b9/state/
WARNING 2026-08-23 18:38:54,093 log 939816 132096793555456 Forbidden: /admin-panel/api/clients/
WARNING 2026-08-23 18:38:56,908 log 939816 132096793555456 Forbidden: /admin-panel/api/clients/ec18f56c-a99e-4d83-bf32-ac66b6d3c6b9/state/
WARNING 2026-08-23 18:38:56,912 log 939816 132096793555456 Forbidden: /admin-panel/api/clients/
WARNING 2026-08-23 18:38:57,199 log 939816 132096793555456 Forbidden: /admin-panel/api/clients/ec18f56c-a99e-4d83-bf32-ac66b6d3c6b9/state/
WARNING 2026-08-23 18:38:57,204 log 939816 132096793555456 Forbidden: /admin-panel/api/clients/
WARNING 2026-08-23 18:39:00,120 log 939816 132096793555456 Forbidden: /admin-panel/api/clients/ec18f56c-a99e-4d83-bf32-ac66b6d3c6b9/state/
WARNING 2026-08-23 18:39:00,214 log 939816 132096793555456 Forbidden: /admin-panel/api/clients/
WARNING 2026-08-23 18:39:03,161 log 939816 132096793555456 Forbidden: /admin-panel/api/clients/
WARNING 2026-08-23 18:39:03,181 log 939816 132096793555456 Forbidden: /admin-panel/api/clients/ec18f56c-a99e-4d83-bf32-ac66b6d3c6b9/state/
WARNING 2026-08-23 18:39:06,114 log 939816 132096793555456 Forbidden: /admin-panel/api/clients/ec18f56c-a99e-4d83-bf32-ac66b6d3c6b9/state/
WARNING 2026-08-23 18:39:06,127 log 939816 132096793555456 Forbidden: /admin-panel/api/clients/
WARNING 2026-08-23 18:39:09,112 log 939816 132096793555456 Forbidden: /admin-panel/api/clients/
WARNING 2026-08-23 18:39:09,115 log 939816 132096793555456 Forbidden: /admin-panel/api/clients/ec18f56c-a99e-4d83-bf32-ac66b6d3c6b9/state/
WARNING 2026-08-23 18:39:12,133 log 939816 132096793555456 Forbidden: /admin-panel/api/clients/
WARNING 2026-08-23 18:39:12,136 log 939816 132096793555456 Forbidden: /admin-panel/api/clients/ec18f56c-a99e-4d83-bf32-ac66b6d3c6b9/state/
WARNING 2026-08-23 18:39:15,114 log 939816 132096793555456 Forbidden: /admin-panel/api/clients/
WARNING 2026-08-23 18:39:15,118 log 939816 132096793555456 Forbidden: /admin-panel/api/clients/ec18f56c-a99e-4d83-bf32-ac66b6d3c6b9/state/
WARNING 2026-08-23 18:39:18,119 log 939816 132096793555456 Forbidden: /admin-panel/api/clients/
WARNING 2026-08-23 18:39:18,124 log 939816 132096793555456 Forbidden: /admin-panel/api/clients/ec18f56c-a99e-4d83-bf32-ac66b6d3c6b9/state/
WARNING 2026-08-23 18:39:21,114 log 939816 132096793555456 Forbidden: /admin-panel/api/clients/ec18f56c-a99e-4d83-bf32-ac66b6d3c6b9/state/
WARNING 2026-08-23 18:39:21,117 log 939816 132096793555456 Forbidden: /admin-panel/api/clients/
WARNING 2026-08-23 18:39:24,114 log 939816 132096793555456 Forbidden: /admin-panel/api/clients/
WARNING 2026-08-23 18:39:24,118 log 939816 132096793555456 Forbidden: /admin-panel/api/clients/ec18f56c-a99e-4d83-bf32-ac66b6d3c6b9/state/
WARNING 2026-08-23 18:39:27,110 log 939816 132096793555456 Forbidden: /admin-panel/api/clients/
WARNING 2026-08-23 18:39:27,113 log 939816 132096793555456 Forbidden: /admin-panel/api/clients/ec18f56c-a99e-4d83-bf32-ac66b6d3c6b9/state/
WARNING 2026-08-23 18:39:30,127 log 939816 132096793555456 Forbidden: /admin-panel/api/clients/ec18f56c-a99e-4d83-bf32-ac66b6d3c6b9/state/
WARNING 2026-08-23 18:39:30,131 log 939816 132096793555456 Forbidden: /admin-panel/api/clients/
WARNING 2026-08-23 18:39:33,106 log 939816 132096793555456 Forbidden: /admin-panel/api/clients/
WARNING 2026-08-23 18:39:33,118 log 939816 132096793555456 Forbidden: /admin-panel/api/clients/ec18f56c-a99e-4d83-bf32-ac66b6d3c6b9/state/
WARNING 2026-08-23 18:39:36,121 log 939816 132096793555456 Forbidden: /admin-panel/api/clients/
WARNING 2026-08-23 18:39:36,130 log 939816 132096793555456 Forbidden: /admin-panel/api/clients/ec18f56c-a99e-4d83-bf32-ac66b6d3c6b9/state/
WARNING 2026-08-23 18:39:39,108 log 939816 132096793555456 Forbidden: /admin-panel/api/clients/ec18f56c-a99e-4d83-bf32-ac66b6d3c6b9/state/
WARNING 2026-08-23 18:39:39,111 log 939816 132096793555456 Forbidden: /admin-panel/api/clients/
WARNING 2026-08-23 18:39:42,130 log 939816 132096793555456 Forbidden: /admin-panel/api/clients/
WARNING 2026-08-23 18:39:42,137 log 939816 132096793555456 Forbidden: /admin-panel/api/clients/ec18f56c-a99e-4d83-bf32-ac66b6d3c6b9/state/
WARNING 2026-08-23 18:39:45,127 log 939816 132096793555456 Forbidden: /admin-panel/api/clients/
WARNING 2026-08-23 18:39:45,131 log 939816 132096793555456 Forbidden: /admin-panel/api/clients/ec18f56c-a99e-4d83-bf32-ac66b6d3c6b9/state/
WARNING 2026-08-23 18:39:48,127 log 939816 132096793555456 Forbidden: /admin-panel/api/clients/
WARNING 2026-08-23 18:39:48,132 log 939816 132096793555456 Forbidden: /admin-panel/api/clients/ec18f56c-a99e-4d83-bf32-ac66b6d3c6b9/state/
WARNING 2026-08-23 18:39:51,133 log 939816 132096793555456 Forbidden: /admin-panel/api/clients/
WARNING 2026-08-23 18:39:51,138 log 939816 132096793555456 Forbidden: /admin-panel/api/clients/ec18f56c-a99e-4d83-bf32-ac66b6d3c6b9/state/
WARNING 2026-08-23 18:39:54,136 log 939816 132096793555456 Forbidden: /admin-panel/api/clients/
WARNING 2026-08-23 18:39:54,140 log 939816 132096793555456 Forbidden: /admin-panel/api/clients/ec18f56c-a99e-4d83-bf32-ac66b6d3c6b9/state/
WARNING 2026-08-23 18:40:10,945 log 939816 132096793555456 Forbidden: /admin-panel/api/clients/
WARNING 2026-08-23 18:40:10,949 log 939816 132096793555456 Forbidden: /admin-panel/api/clients/ec18f56c-a99e-4d83-bf32-ac66b6d3c6b9/state/
WARNING 2026-08-23 18:40:11,245 log 939816 132096793555456 Forbidden: /admin-panel/api/clients/
WARNING 2026-08-23 18:40:11,255 log 939816 132096793555456 Forbidden: /admin-panel/api/clients/ec18f56c-a99e-4d83-bf32-ac66b6d3c6b9/state/
WARNING 2026-08-23 18:40:12,019 log 939816 132096793555456 Forbidden: /admin-panel/api/clients/ec18f56c-a99e-4d83-bf32-ac66b6d3c6b9/state/
WARNING 2026-08-23 18:40:12,023 log 939816 132096793555456 Forbidden: /admin-panel/api/clients/
WARNING 2026-08-23 18:40:15,031 log 939816 132096793555456 Forbidden: /admin-panel/api/clients/ec18f56c-a99e-4d83-bf32-ac66b6d3c6b9/state/
WARNING 2026-08-23 18:40:15,042 log 939816 132096793555456 Forbidden: /admin-panel/api/clients/
WARNING 2026-08-23 18:40:17,262 log 939816 132096793555456 Forbidden: /admin-panel/api/clients/ec18f56c-a99e-4d83-bf32-ac66b6d3c6b9/golive/state/
WARNING 2026-08-23 18:40:18,024 log 939816 132096793555456 Forbidden: /admin-panel/api/clients/ec18f56c-a99e-4d83-bf32-ac66b6d3c6b9/state/
WARNING 2026-08-23 18:40:18,037 log 939816 132096793555456 Forbidden: /admin-panel/api/clients/
WARNING 2026-08-23 18:40:21,015 log 939816 132096793555456 Forbidden: /admin-panel/api/clients/
WARNING 2026-08-23 18:40:21,019 log 939816 132096793555456 Forbidden: /admin-panel/api/clients/ec18f56c-a99e-4d83-bf32-ac66b6d3c6b9/state/
WARNING 2026-08-23 18:40:22,493 log 939816 132096793555456 Forbidden: /admin-panel/api/clients/ec18f56c-a99e-4d83-bf32-ac66b6d3c6b9/state/
WARNING 2026-08-23 18:40:22,497 log 939816 132096793555456 Forbidden: /admin-panel/api/clients/
INFO 2026-08-23 18:40:39,080 views 939816 132096793555456 Auth success: User 'akshayagrawaljiwan@gmail.com' successfully logged in (2FA pending).
WARNING 2026-08-23 19:35:16,973 log 939816 132096793555456 Not Found: /config.js
WARNING 2026-08-23 19:35:17,026 log 939816 132096793555456 Not Found: /.env
WARNING 2026-08-23 19:35:17,057 log 939816 132096793555456 Not Found: /js/config.js
WARNING 2026-08-23 19:35:17,065 log 939816 132096793555456 Not Found: /.env.local
WARNING 2026-08-23 19:35:17,118 log 939816 132096793555456 Not Found: /.env.production
WARNING 2026-08-23 19:35:17,171 log 939816 132096793555456 Not Found: /.env.example
WARNING 2026-08-23 19:35:17,173 log 939816 132096793555456 Unauthorized: /api/config
WARNING 2026-08-23 19:35:17,184 log 939816 132096793555456 Unauthorized: /api/env
WARNING 2026-08-23 19:35:17,202 log 939816 132096793555456 Not Found: /config.json
WARNING 2026-08-23 19:35:17,210 log 939816 132096793555456 Not Found: /js/env.js
WARNING 2026-08-23 19:35:17,218 log 939816 132096793555456 Not Found: /settings.js
WARNING 2026-08-23 19:35:17,228 log 939816 132096793555456 Not Found: /assets/index-CBcz_Los.js
WARNING 2026-08-23 21:55:38,296 log 939816 132096793555456 Not Found: /favicon.svg
INFO 2026-08-24 01:19:07,888 views 939816 132096793555456 Auth success: User 'sahilasarkar@gmail.com' successfully logged in (2FA pending).
WARNING 2026-08-24 01:24:15,926 log 939816 132096793555456 Forbidden: /admin-panel/api/clients/ec18f56c-a99e-4d83-bf32-ac66b6d3c6b9/offboarding/state/
